Archive member included to satisfy reference by file (symbol)

C:/ST/STM32CubeIDE_1.13.1/STM32CubeIDE/plugins/com.st.stm32cube.ide.mcu.externaltools.gnu-tools-for-stm32.11.3.rel1.win32_1.1.100.202309141235/tools/bin/../lib/gcc/arm-none-eabi/11.3.1/../../../../arm-none-eabi/lib/thumb/v6-m/nofp\libc_nano.a(libc_a-exit.o)
                              C:/ST/STM32CubeIDE_1.13.1/STM32CubeIDE/plugins/com.st.stm32cube.ide.mcu.externaltools.gnu-tools-for-stm32.11.3.rel1.win32_1.1.100.202309141235/tools/bin/../lib/gcc/arm-none-eabi/11.3.1/../../../../arm-none-eabi/lib/thumb/v6-m/nofp/crt0.o (exit)
C:/ST/STM32CubeIDE_1.13.1/STM32CubeIDE/plugins/com.st.stm32cube.ide.mcu.externaltools.gnu-tools-for-stm32.11.3.rel1.win32_1.1.100.202309141235/tools/bin/../lib/gcc/arm-none-eabi/11.3.1/../../../../arm-none-eabi/lib/thumb/v6-m/nofp\libc_nano.a(libc_a-findfp.o)
                              C:/ST/STM32CubeIDE_1.13.1/STM32CubeIDE/plugins/com.st.stm32cube.ide.mcu.externaltools.gnu-tools-for-stm32.11.3.rel1.win32_1.1.100.202309141235/tools/bin/../lib/gcc/arm-none-eabi/11.3.1/../../../../arm-none-eabi/lib/thumb/v6-m/nofp\libc_nano.a(libc_a-exit.o) (__stdio_exit_handler)
C:/ST/STM32CubeIDE_1.13.1/STM32CubeIDE/plugins/com.st.stm32cube.ide.mcu.externaltools.gnu-tools-for-stm32.11.3.rel1.win32_1.1.100.202309141235/tools/bin/../lib/gcc/arm-none-eabi/11.3.1/../../../../arm-none-eabi/lib/thumb/v6-m/nofp\libc_nano.a(libc_a-fwalk.o)
                              C:/ST/STM32CubeIDE_1.13.1/STM32CubeIDE/plugins/com.st.stm32cube.ide.mcu.externaltools.gnu-tools-for-stm32.11.3.rel1.win32_1.1.100.202309141235/tools/bin/../lib/gcc/arm-none-eabi/11.3.1/../../../../arm-none-eabi/lib/thumb/v6-m/nofp\libc_nano.a(libc_a-findfp.o) (_fwalk_sglue)
C:/ST/STM32CubeIDE_1.13.1/STM32CubeIDE/plugins/com.st.stm32cube.ide.mcu.externaltools.gnu-tools-for-stm32.11.3.rel1.win32_1.1.100.202309141235/tools/bin/../lib/gcc/arm-none-eabi/11.3.1/../../../../arm-none-eabi/lib/thumb/v6-m/nofp\libc_nano.a(libc_a-stdio.o)
                              C:/ST/STM32CubeIDE_1.13.1/STM32CubeIDE/plugins/com.st.stm32cube.ide.mcu.externaltools.gnu-tools-for-stm32.11.3.rel1.win32_1.1.100.202309141235/tools/bin/../lib/gcc/arm-none-eabi/11.3.1/../../../../arm-none-eabi/lib/thumb/v6-m/nofp\libc_nano.a(libc_a-findfp.o) (__sread)
C:/ST/STM32CubeIDE_1.13.1/STM32CubeIDE/plugins/com.st.stm32cube.ide.mcu.externaltools.gnu-tools-for-stm32.11.3.rel1.win32_1.1.100.202309141235/tools/bin/../lib/gcc/arm-none-eabi/11.3.1/../../../../arm-none-eabi/lib/thumb/v6-m/nofp\libc_nano.a(libc_a-memset.o)
                              C:/ST/STM32CubeIDE_1.13.1/STM32CubeIDE/plugins/com.st.stm32cube.ide.mcu.externaltools.gnu-tools-for-stm32.11.3.rel1.win32_1.1.100.202309141235/tools/bin/../lib/gcc/arm-none-eabi/11.3.1/../../../../arm-none-eabi/lib/thumb/v6-m/nofp/crt0.o (memset)
C:/ST/STM32CubeIDE_1.13.1/STM32CubeIDE/plugins/com.st.stm32cube.ide.mcu.externaltools.gnu-tools-for-stm32.11.3.rel1.win32_1.1.100.202309141235/tools/bin/../lib/gcc/arm-none-eabi/11.3.1/../../../../arm-none-eabi/lib/thumb/v6-m/nofp\libc_nano.a(libc_a-closer.o)
                              C:/ST/STM32CubeIDE_1.13.1/STM32CubeIDE/plugins/com.st.stm32cube.ide.mcu.externaltools.gnu-tools-for-stm32.11.3.rel1.win32_1.1.100.202309141235/tools/bin/../lib/gcc/arm-none-eabi/11.3.1/../../../../arm-none-eabi/lib/thumb/v6-m/nofp\libc_nano.a(libc_a-stdio.o) (_close_r)
C:/ST/STM32CubeIDE_1.13.1/STM32CubeIDE/plugins/com.st.stm32cube.ide.mcu.externaltools.gnu-tools-for-stm32.11.3.rel1.win32_1.1.100.202309141235/tools/bin/../lib/gcc/arm-none-eabi/11.3.1/../../../../arm-none-eabi/lib/thumb/v6-m/nofp\libc_nano.a(libc_a-reent.o)
                              C:/ST/STM32CubeIDE_1.13.1/STM32CubeIDE/plugins/com.st.stm32cube.ide.mcu.externaltools.gnu-tools-for-stm32.11.3.rel1.win32_1.1.100.202309141235/tools/bin/../lib/gcc/arm-none-eabi/11.3.1/../../../../arm-none-eabi/lib/thumb/v6-m/nofp\libc_nano.a(libc_a-closer.o) (errno)
C:/ST/STM32CubeIDE_1.13.1/STM32CubeIDE/plugins/com.st.stm32cube.ide.mcu.externaltools.gnu-tools-for-stm32.11.3.rel1.win32_1.1.100.202309141235/tools/bin/../lib/gcc/arm-none-eabi/11.3.1/../../../../arm-none-eabi/lib/thumb/v6-m/nofp\libc_nano.a(libc_a-impure.o)
                              C:/ST/STM32CubeIDE_1.13.1/STM32CubeIDE/plugins/com.st.stm32cube.ide.mcu.externaltools.gnu-tools-for-stm32.11.3.rel1.win32_1.1.100.202309141235/tools/bin/../lib/gcc/arm-none-eabi/11.3.1/../../../../arm-none-eabi/lib/thumb/v6-m/nofp\libc_nano.a(libc_a-reent.o) (_impure_ptr)
C:/ST/STM32CubeIDE_1.13.1/STM32CubeIDE/plugins/com.st.stm32cube.ide.mcu.externaltools.gnu-tools-for-stm32.11.3.rel1.win32_1.1.100.202309141235/tools/bin/../lib/gcc/arm-none-eabi/11.3.1/../../../../arm-none-eabi/lib/thumb/v6-m/nofp\libc_nano.a(libc_a-lseekr.o)
[...]
Memory Configuration

Name             Origin             Length             Attributes
RAM              0x0000000020000000 0x0000000000001800 xrw
FLASH            0x0000000008000000 0x0000000000008000 xr
*default*        0x0000000000000000 0xffffffffffffffff

Linker script and memory map

LOAD C:/ST/STM32CubeIDE_1.13.1/STM32CubeIDE/plugins/com.st.stm32cube.ide.mcu.externaltools.gnu-tools-for-stm32.11.3.rel1.win32_1.1.100.202309141235/tools/bin/../lib/gcc/arm-none-eabi/11.3.1/thumb/v6-m/nofp/crti.o
LOAD C:/ST/STM32CubeIDE_1.13.1/STM32CubeIDE/plugins/com.st.stm32cube.ide.mcu.externaltools.gnu-tools-for-stm32.11.3.rel1.win32_1.1.100.202309141235/tools/bin/../lib/gcc/arm-none-eabi/11.3.1/thumb/v6-m/nofp/crtbegin.o
LOAD C:/ST/STM32CubeIDE_1.13.1/STM32CubeIDE/plugins/com.st.stm32cube.ide.mcu.externaltools.gnu-tools-for-stm32.11.3.rel1.win32_1.1.100.202309141235/tools/bin/../lib/gcc/arm-none-eabi/11.3.1/../../../../arm-none-eabi/lib/thumb/v6-m/nofp/crt0.o
LOAD ./Core/Src/main.o
LOAD ./Core/Src/stm32f0xx_hal_msp.o
LOAD ./Core/Src/stm32f0xx_it.o
LOAD ./Core/Src/syscalls.o
LOAD ./Core/Src/sysmem.o
LOAD ./Core/Src/system_stm32f0xx.o
LOAD ./Core/Startup/startup_stm32f042k6tx.o
LOAD ./Drivers/STM32F0xx_HAL_Driver/Src/stm32f0xx_hal.o
LOAD ./Drivers/STM32F0xx_HAL_Driver/Src/stm32f0xx_hal_cortex.o
LOAD ./Drivers/STM32F0xx_HAL_Driver/Src/stm32f0xx_hal_crc.o
LOAD ./Drivers/STM32F0xx_HAL_Driver/Src/stm32f0xx_hal_crc_ex.o
LOAD ./Drivers/STM32F0xx_HAL_Driver/Src/stm32f0xx_hal_dma.o
LOAD ./Drivers/STM32F0xx_HAL_Driver/Src/stm32f0xx_hal_exti.o
LOAD ./Drivers/STM32F0xx_HAL_Driver/Src/stm32f0xx_hal_flash.o
LOAD ./Drivers/STM32F0xx_HAL_Driver/Src/stm32f0xx_hal_flash_ex.o
LOAD ./Drivers/STM32F0xx_HAL_Driver/Src/stm32f0xx_hal_gpio.o
LOAD ./Drivers/STM32F0xx_HAL_Driver/Src/stm32f0xx_hal_i2c.o
LOAD ./Drivers/STM32F0xx_HAL_Driver/Src/stm32f0xx_hal_i2c_ex.o
LOAD ./Drivers/STM32F0xx_HAL_Driver/Src/stm32f0xx_hal_pwr.o
LOAD ./Drivers/STM32F0xx_HAL_Driver/Src/stm32f0xx_hal_pwr_ex.o
LOAD ./Drivers/STM32F0xx_HAL_Driver/Src/stm32f0xx_hal_rcc.o
LOAD ./Drivers/STM32F0xx_HAL_Driver/Src/stm32f0xx_hal_rcc_ex.o
LOAD ./Drivers/STM32F0xx_HAL_Driver/Src/stm32f0xx_hal_spi.o
LOAD ./Drivers/STM32F0xx_HAL_Driver/Src/stm32f0xx_hal_spi_ex.o
LOAD ./Drivers/STM32F0xx_HAL_Driver/Src/stm32f0xx_hal_tim.o
LOAD ./Drivers/STM32F0xx_HAL_Driver/Src/stm32f0xx_hal_tim_ex.o
START GROUP
LOAD C:/ST/STM32CubeIDE_1.13.1/STM32CubeIDE/plugins/com.st.stm32cube.ide.mcu.externaltools.gnu-tools-for-stm32.11.3.rel1.win32_1.1.100.202309141235/tools/bin/../lib/gcc/arm-none-eabi/11.3.1/../../../../arm-none-eabi/lib/thumb/v6-m/nofp\libc_nano.a
LOAD C:/ST/STM32CubeIDE_1.13.1/STM32CubeIDE/plugins/com.st.stm32cube.ide.mcu.externaltools.gnu-tools-for-stm32.11.3.rel1.win32_1.1.100.202309141235/tools/bin/../lib/gcc/arm-none-eabi/11.3.1/../../../../arm-none-eabi/lib/thumb/v6-m/nofp\libm.a
END GROUP
START GROUP
LOAD C:/ST/STM32CubeIDE_1.13.1/STM32CubeIDE/plugins/com.st.stm32cube.ide.mcu.externaltools.gnu-tools-for-stm32.11.3.rel1.win32_1.1.100.202309141235/tools/bin/../lib/gcc/arm-none-eabi/11.3.1/thumb/v6-m/nofp\libgcc.a
LOAD C:/ST/STM32CubeIDE_1.13.1/STM32CubeIDE/plugins/com.st.stm32cube.ide.mcu.externaltools.gnu-tools-for-stm32.11.3.rel1.win32_1.1.100.202309141235/tools/bin/../lib/gcc/arm-none-eabi/11.3.1/../../../../arm-none-eabi/lib/thumb/v6-m/nofp\libc_nano.a
END GROUP
START GROUP
LOAD C:/ST/STM32CubeIDE_1.13.1/STM32CubeIDE/plugins/com.st.stm32cube.ide.mcu.externaltools.gnu-tools-for-stm32.11.3.rel1.win32_1.1.100.202309141235/tools/bin/../lib/gcc/arm-none-eabi/11.3.1/thumb/v6-m/nofp\libgcc.a
LOAD C:/ST/STM32CubeIDE_1.13.1/STM32CubeIDE/plugins/com.st.stm32cube.ide.mcu.externaltools.gnu-tools-for-stm32.11.3.rel1.win32_1.1.100.202309141235/tools/bin/../lib/gcc/arm-none-eabi/11.3.1/../../../../arm-none-eabi/lib/thumb/v6-m/nofp\libc_nano.a
LOAD C:/ST/STM32CubeIDE_1.13.1/STM32CubeIDE/plugins/com.st.stm32cube.ide.mcu.externaltools.gnu-tools-for-stm32.11.3.rel1.win32_1.1.100.202309141235/tools/bin/../lib/gcc/arm-none-eabi/11.3.1/../../../../arm-none-eabi/lib/thumb/v6-m/nofp\libnosys.a
END GROUP
START GROUP
LOAD C:/ST/STM32CubeIDE_1.13.1/STM32CubeIDE/plugins/com.st.stm32cube.ide.mcu.externaltools.gnu-tools-for-stm32.11.3.rel1.win32_1.1.100.202309141235/tools/bin/../lib/gcc/arm-none-eabi/11.3.1/thumb/v6-m/nofp\libgcc.a
LOAD C:/ST/STM32CubeIDE_1.13.1/STM32CubeIDE/plugins/com.st.stm32cube.ide.mcu.externaltools.gnu-tools-for-stm32.11.3.rel1.win32_1.1.100.202309141235/tools/bin/../lib/gcc/arm-none-eabi/11.3.1/../../../../arm-none-eabi/lib/thumb/v6-m/nofp\libc_nano.a
LOAD C:/ST/STM32CubeIDE_1.13.1/STM32CubeIDE/plugins/com.st.stm32cube.ide.mcu.externaltools.gnu-tools-for-stm32.11.3.rel1.win32_1.1.100.202309141235/tools/bin/../lib/gcc/arm-none-eabi/11.3.1/../../../../arm-none-eabi/lib/thumb/v6-m/nofp\libnosys.a
END GROUP
LOAD C:/ST/STM32CubeIDE_1.13.1/STM32CubeIDE/plugins/com.st.stm32cube.ide.mcu.externaltools.gnu-tools-for-stm32.11.3.rel1.win32_1.1.100.202309141235/tools/bin/../lib/gcc/arm-none-eabi/11.3.1/thumb/v6-m/nofp/crtend.o
LOAD C:/ST/STM32CubeIDE_1.13.1/STM32CubeIDE/plugins/com.st.stm32cube.ide.mcu.externaltools.gnu-tools-for-stm32.11.3.rel1.win32_1.1.100.202309141235/tools/bin/../lib/gcc/arm-none-eabi/11.3.1/thumb/v6-m/nofp/crtn.o
                0x0000000020001800                _estack = (ORIGIN (RAM) + LENGTH (RAM))
                0x0000000000000200                _Min_Heap_Size = 0x200
                0x0000000000000400                _Min_Stack_Size = 0x400

.isr_vector     0x0000000008000000       0xc0
                0x0000000008000000                . = ALIGN (0x4)
 *(.isr_vector)
 .isr_vector    0x0000000008000000       0xc0 ./Core/Startup/startup_stm32f042k6tx.o
                0x0000000008000000                g_pfnVectors
                0x00000000080000c0                . = ALIGN (0x4)

.text           0x00000000080000c0     0x38e4
                0x00000000080000c0                . = ALIGN (0x4)
 *(.text)
 .text          0x00000000080000c0       0x48 C:/ST/STM32CubeIDE_1.13.1/STM32CubeIDE/plugins/com.st.stm32cube.ide.mcu.externaltools.gnu-tools-for-stm32.11.3.rel1.win32_1.1.100.202309141235/tools/bin/../lib/gcc/arm-none-eabi/11.3.1/thumb/v6-m/nofp/crtbegin.o
 .text          0x0000000008000108      0x114 C:/ST/STM32CubeIDE_1.13.1/STM32CubeIDE/plugins/com.st.stm32cube.ide.mcu.externaltools.gnu-tools-for-stm32.11.3.rel1.win32_1.1.100.202309141235/tools/bin/../lib/gcc/arm-none-eabi/11.3.1/thumb/v6-m/nofp\libgcc.a(_udivsi3.o)
                0x0000000008000108                __aeabi_uidiv
                0x0000000008000108                __udivsi3
                0x0000000008000214                __aeabi_uidivmod
 .text          0x000000000800021c        0x4 C:/ST/STM32CubeIDE_1.13.1/STM32CubeIDE/plugins/com.st.stm32cube.ide.mcu.externaltools.gnu-tools-for-stm32.11.3.rel1.win32_1.1.100.202309141235/tools/bin/../lib/gcc/arm-none-eabi/11.3.1/thumb/v6-m/nofp\libgcc.a(_dvmd_tls.o)
                0x000000000800021c                __aeabi_idiv0
                0x000000000800021c                __aeabi_ldiv0
 *(.text*)
 .text.main     0x0000000008000220       0x64 ./Core/Src/main.o
                0x0000000008000220                main
 .text.SystemClock_Config
                0x0000000008000284       0x80 ./Core/Src/main.o
                0x0000000008000284                SystemClock_Config
 .text.MX_CRC_Init
                0x0000000008000304       0x40 ./Core/Src/main.o
 .text.MX_SPI1_Init
                0x0000000008000344       0x74 ./Core/Src/main.o
 .text.MX_TIM1_Init
                0x00000000080003b8      0x1ac ./Core/Src/main.o
 .text.MX_TIM2_Init
                0x0000000008000564       0xfc ./Core/Src/main.o
 .text.MX_TIM3_Init
                0x0000000008000660      0x13c ./Core/Src/main.o
 .text.MX_GPIO_Init
                0x000000000800079c       0x90 ./Core/Src/main.o
 .text.EnablePWMOutput
                0x000000000800082c       0x38 ./Core/Src/main.o
                0x000000000800082c                EnablePWMOutput
 .text.CRC_compare
                0x0000000008000864       0x80 ./Core/Src/main.o
                0x0000000008000864                CRC_compare
 .text.HAL_SPI_TxRxCpltCallback
                0x00000000080008e4      0x1bc ./Core/Src/main.o
                0x00000000080008e4                HAL_SPI_TxRxCpltCallback
 .text.Error_Handler
                0x0000000008000aa0        0xa ./Core/Src/main.o
                0x0000000008000aa0                Error_Handler
 *fill*         0x0000000008000aaa        0x2 
 .text.HAL_MspInit
                0x0000000008000aac       0x48 ./Core/Src/stm32f0xx_hal_msp.o
                0x0000000008000aac                HAL_MspInit
 .text.HAL_CRC_MspInit
                0x0000000008000af4       0x3c ./Core/Src/stm32f0xx_hal_msp.o
                0x0000000008000af4                HAL_CRC_MspInit
 .text.HAL_SPI_MspInit
                0x0000000008000b30       0xa8 ./Core/Src/stm32f0xx_hal_msp.o
                0x0000000008000b30                HAL_SPI_MspInit
 .text.HAL_TIM_Base_MspInit
                0x0000000008000bd8       0x68 ./Core/Src/stm32f0xx_hal_msp.o
                0x0000000008000bd8                HAL_TIM_Base_MspInit
 .text.HAL_TIM_PWM_MspInit
                0x0000000008000c40       0x38 ./Core/Src/stm32f0xx_hal_msp.o
                0x0000000008000c40                HAL_TIM_PWM_MspInit
 .text.HAL_TIM_MspPostInit
                0x0000000008000c78      0x134 ./Core/Src/stm32f0xx_hal_msp.o
                0x0000000008000c78                HAL_TIM_MspPostInit
 .text.NMI_Handler
                0x0000000008000dac        0xa ./Core/Src/stm32f0xx_it.o
                0x0000000008000dac                NMI_Handler
 .text.HardFault_Handler
                0x0000000008000db6        0x6 ./Core/Src/stm32f0xx_it.o
                0x0000000008000db6                HardFault_Handler
 .text.SVC_Handler
                0x0000000008000dbc        0xa ./Core/Src/stm32f0xx_it.o
                0x0000000008000dbc                SVC_Handler
 .text.PendSV_Handler
                0x0000000008000dc6        0xa ./Core/Src/stm32f0xx_it.o
                0x0000000008000dc6                PendSV_Handler
 .text.SysTick_Handler
                0x0000000008000dd0        0xe ./Core/Src/stm32f0xx_it.o
                0x0000000008000dd0                SysTick_Handler
 *fill*         0x0000000008000dde        0x2 
 .text.SPI1_IRQHandler
                0x0000000008000de0       0x18 ./Core/Src/stm32f0xx_it.o
                0x0000000008000de0                SPI1_IRQHandler
 .text.SystemInit
                0x0000000008000df8        0xa ./Core/Src/system_stm32f0xx.o
                0x0000000008000df8                SystemInit
 *fill*         0x0000000008000e02        0x2 
 .text.Reset_Handler
                0x0000000008000e04       0x80 ./Core/Startup/startup_stm32f042k6tx.o
                0x0000000008000e04                Reset_Handler
 .text.Default_Handler
                0x0000000008000e84        0x2 ./Core/Startup/startup_stm32f042k6tx.o
                0x0000000008000e84                TIM1_CC_IRQHandler
                0x0000000008000e84                TSC_IRQHandler
                0x0000000008000e84                I2C1_IRQHandler
                0x0000000008000e84                RCC_CRS_IRQHandler
                0x0000000008000e84                EXTI2_3_IRQHandler
                0x0000000008000e84                ADC1_IRQHandler
                0x0000000008000e84                TIM17_IRQHandler
                0x0000000008000e84                CEC_CAN_IRQHandler
                0x0000000008000e84                RTC_IRQHandler
                0x0000000008000e84                PVD_VDDIO2_IRQHandler
                0x0000000008000e84                TIM16_IRQHandler
                0x0000000008000e84                TIM3_IRQHandler
                0x0000000008000e84                EXTI4_15_IRQHandler
                0x0000000008000e84                DMA1_Channel1_IRQHandler
                0x0000000008000e84                Default_Handler
                0x0000000008000e84                TIM14_IRQHandler
                0x0000000008000e84                DMA1_Channel4_5_IRQHandler
                0x0000000008000e84                EXTI0_1_IRQHandler
                0x0000000008000e84                USB_IRQHandler
                0x0000000008000e84                SPI2_IRQHandler
                0x0000000008000e84                WWDG_IRQHandler
                0x0000000008000e84                TIM2_IRQHandler
                0x0000000008000e84                DMA1_Channel2_3_IRQHandler
                0x0000000008000e84                USART2_IRQHandler
                0x0000000008000e84                FLASH_IRQHandler
                0x0000000008000e84                USART1_IRQHandler
                0x0000000008000e84                TIM1_BRK_UP_TRG_COM_IRQHandler
 *fill*         0x0000000008000e86        0x2 
 .text.HAL_Init
                0x0000000008000e88       0x28 ./Drivers/STM32F0xx_HAL_Driver/Src/stm32f0xx_hal.o
                0x0000000008000e88                HAL_Init
 .text.HAL_InitTick
                0x0000000008000eb0       0x68 ./Drivers/STM32F0xx_HAL_Driver/Src/stm32f0xx_hal.o
                0x0000000008000eb0                HAL_InitTick
 .text.HAL_IncTick
                0x0000000008000f18       0x24 ./Drivers/STM32F0xx_HAL_Driver/Src/stm32f0xx_hal.o
                0x0000000008000f18                HAL_IncTick
 .text.HAL_GetTick
                0x0000000008000f3c       0x14 ./Drivers/STM32F0xx_HAL_Driver/Src/stm32f0xx_hal.o
                0x0000000008000f3c                HAL_GetTick
 .text.__NVIC_EnableIRQ
                0x0000000008000f50       0x34 ./Drivers/STM32F0xx_HAL_Driver/Src/stm32f0xx_hal_cortex.o
 .text.__NVIC_SetPriority
                0x0000000008000f84       0xdc ./Drivers/STM32F0xx_HAL_Driver/Src/stm32f0xx_hal_cortex.o
 .text.SysTick_Config
                0x0000000008001060       0x48 ./Drivers/STM32F0xx_HAL_Driver/Src/stm32f0xx_hal_cortex.o
 .text.HAL_NVIC_SetPriority
                0x00000000080010a8       0x2a ./Drivers/STM32F0xx_HAL_Driver/Src/stm32f0xx_hal_cortex.o
                0x00000000080010a8                HAL_NVIC_SetPriority
 .text.HAL_NVIC_EnableIRQ
                0x00000000080010d2       0x20 ./Drivers/STM32F0xx_HAL_Driver/Src/stm32f0xx_hal_cortex.o
                0x00000000080010d2                HAL_NVIC_EnableIRQ
 .text.HAL_SYSTICK_Config
                0x00000000080010f2       0x1a ./Drivers/STM32F0xx_HAL_Driver/Src/stm32f0xx_hal_cortex.o
                0x00000000080010f2                HAL_SYSTICK_Config
 .text.HAL_CRC_Init
                0x000000000800110c       0x8e ./Drivers/STM32F0xx_HAL_Driver/Src/stm32f0xx_hal_crc.o
                0x000000000800110c                HAL_CRC_Init
 .text.HAL_CRC_Calculate
                0x000000000800119a       0x9e ./Drivers/STM32F0xx_HAL_Driver/Src/stm32f0xx_hal_crc.o
                0x000000000800119a                HAL_CRC_Calculate
 .text.CRC_Handle_8
                0x0000000008001238      0x122 ./Drivers/STM32F0xx_HAL_Driver/Src/stm32f0xx_hal_crc.o
 .text.CRC_Handle_16
                0x000000000800135a       0x6e ./Drivers/STM32F0xx_HAL_Driver/Src/stm32f0xx_hal_crc.o
 .text.HAL_DMA_Abort_IT
                0x00000000080013c8       0x8a ./Drivers/STM32F0xx_HAL_Driver/Src/stm32f0xx_hal_dma.o
                0x00000000080013c8                HAL_DMA_Abort_IT
 *fill*         0x0000000008001452        0x2 
 .text.HAL_GPIO_Init
                0x0000000008001454      0x2d0 ./Drivers/STM32F0xx_HAL_Driver/Src/stm32f0xx_hal_gpio.o
                0x0000000008001454                HAL_GPIO_Init
 .text.HAL_GPIO_WritePin
                0x0000000008001724       0x3a ./Drivers/STM32F0xx_HAL_Driver/Src/stm32f0xx_hal_gpio.o
                0x0000000008001724                HAL_GPIO_WritePin
 *fill*         0x000000000800175e        0x2 
 .text.HAL_RCC_OscConfig
                0x0000000008001760      0x70c ./Drivers/STM32F0xx_HAL_Driver/Src/stm32f0xx_hal_rcc.o
                0x0000000008001760                HAL_RCC_OscConfig
 .text.HAL_RCC_ClockConfig
                0x0000000008001e6c      0x1b4 ./Drivers/STM32F0xx_HAL_Driver/Src/stm32f0xx_hal_rcc.o
                0x0000000008001e6c                HAL_RCC_ClockConfig
 .text.HAL_RCC_GetSysClockFreq
                0x0000000008002020       0xe4 ./Drivers/STM32F0xx_HAL_Driver/Src/stm32f0xx_hal_rcc.o
                0x0000000008002020                HAL_RCC_GetSysClockFreq
 .text.HAL_SPI_Init
                0x0000000008002104      0x170 ./Drivers/STM32F0xx_HAL_Driver/Src/stm32f0xx_hal_spi.o
                0x0000000008002104                HAL_SPI_Init
 .text.HAL_SPI_TransmitReceive_IT
                0x0000000008002274      0x194 ./Drivers/STM32F0xx_HAL_Driver/Src/stm32f0xx_hal_spi.o
                0x0000000008002274                HAL_SPI_TransmitReceive_IT
 .text.HAL_SPI_IRQHandler
                0x0000000008002408      0x1d4 ./Drivers/STM32F0xx_HAL_Driver/Src/stm32f0xx_hal_spi.o
                0x0000000008002408                HAL_SPI_IRQHandler
 .text.HAL_SPI_RxCpltCallback
                0x00000000080025dc       0x10 ./Drivers/STM32F0xx_HAL_Driver/Src/stm32f0xx_hal_spi.o
                0x00000000080025dc                HAL_SPI_RxCpltCallback
 .text.HAL_SPI_ErrorCallback
                0x00000000080025ec       0x10 ./Drivers/STM32F0xx_HAL_Driver/Src/stm32f0xx_hal_spi.o
                0x00000000080025ec                HAL_SPI_ErrorCallback
 .text.SPI_DMAAbortOnError
                0x00000000080025fc       0x2c ./Drivers/STM32F0xx_HAL_Driver/Src/stm32f0xx_hal_spi.o
 .text.SPI_2linesRxISR_8BIT
                0x0000000008002628       0xc2 ./Drivers/STM32F0xx_HAL_Driver/Src/stm32f0xx_hal_spi.o
 .text.SPI_2linesTxISR_8BIT
                0x00000000080026ea       0x94 ./Drivers/STM32F0xx_HAL_Driver/Src/stm32f0xx_hal_spi.o
 .text.SPI_2linesRxISR_16BIT
                0x000000000800277e       0x68 ./Drivers/STM32F0xx_HAL_Driver/Src/stm32f0xx_hal_spi.o
 .text.SPI_2linesTxISR_16BIT
                0x00000000080027e6       0x62 ./Drivers/STM32F0xx_HAL_Driver/Src/stm32f0xx_hal_spi.o
 .text.SPI_WaitFlagStateUntilTimeout
                0x0000000008002848      0x11c ./Drivers/STM32F0xx_HAL_Driver/Src/stm32f0xx_hal_spi.o
 .text.SPI_WaitFifoStateUntilTimeout
                0x0000000008002964      0x144 ./Drivers/STM32F0xx_HAL_Driver/Src/stm32f0xx_hal_spi.o
 .text.SPI_EndRxTxTransaction
                0x0000000008002aa8       0x8c ./Drivers/STM32F0xx_HAL_Driver/Src/stm32f0xx_hal_spi.o
 .text.SPI_CloseRxTx_ISR
                0x0000000008002b34       0x8c ./Drivers/STM32F0xx_HAL_Driver/Src/stm32f0xx_hal_spi.o
 .text.HAL_TIM_Base_Init
                0x0000000008002bc0       0xa0 ./Drivers/STM32F0xx_HAL_Driver/Src/stm32f0xx_hal_tim.o
                0x0000000008002bc0                HAL_TIM_Base_Init
 .text.HAL_TIM_PWM_Init
                0x0000000008002c60       0xa0 ./Drivers/STM32F0xx_HAL_Driver/Src/stm32f0xx_hal_tim.o
                0x0000000008002c60                HAL_TIM_PWM_Init
 .text.HAL_TIM_PWM_Start
                0x0000000008002d00      0x158 ./Drivers/STM32F0xx_HAL_Driver/Src/stm32f0xx_hal_tim.o
                0x0000000008002d00                HAL_TIM_PWM_Start
 .text.HAL_TIM_PWM_ConfigChannel
                0x0000000008002e58      0x18c ./Drivers/STM32F0xx_HAL_Driver/Src/stm32f0xx_hal_tim.o
                0x0000000008002e58                HAL_TIM_PWM_ConfigChannel
 .text.HAL_TIM_ConfigClockSource
                0x0000000008002fe4      0x1a8 ./Drivers/STM32F0xx_HAL_Driver/Src/stm32f0xx_hal_tim.o
                0x0000000008002fe4                HAL_TIM_ConfigClockSource
 .text.TIM_Base_SetConfig
                0x000000000800318c       0xec ./Drivers/STM32F0xx_HAL_Driver/Src/stm32f0xx_hal_tim.o
                0x000000000800318c                TIM_Base_SetConfig
 .text.TIM_OC1_SetConfig
                0x0000000008003278       0xfc ./Drivers/STM32F0xx_HAL_Driver/Src/stm32f0xx_hal_tim.o
 .text.TIM_OC2_SetConfig
                0x0000000008003374       0xfc ./Drivers/STM32F0xx_HAL_Driver/Src/stm32f0xx_hal_tim.o
                0x0000000008003374                TIM_OC2_SetConfig
 .text.TIM_OC3_SetConfig
                0x0000000008003470      0x100 ./Drivers/STM32F0xx_HAL_Driver/Src/stm32f0xx_hal_tim.o
 .text.TIM_OC4_SetConfig
                0x0000000008003570       0xc8 ./Drivers/STM32F0xx_HAL_Driver/Src/stm32f0xx_hal_tim.o
 .text.TIM_TI1_ConfigInputStage
                0x0000000008003638       0x5c ./Drivers/STM32F0xx_HAL_Driver/Src/stm32f0xx_hal_tim.o
 .text.TIM_TI2_ConfigInputStage
                0x0000000008003694       0x64 ./Drivers/STM32F0xx_HAL_Driver/Src/stm32f0xx_hal_tim.o
 .text.TIM_ITRx_SetConfig
                0x00000000080036f8       0x32 ./Drivers/STM32F0xx_HAL_Driver/Src/stm32f0xx_hal_tim.o
 *fill*         0x000000000800372a        0x2 
 .text.TIM_ETR_SetConfig
                0x000000000800372c       0x40 ./Drivers/STM32F0xx_HAL_Driver/Src/stm32f0xx_hal_tim.o
                0x000000000800372c                TIM_ETR_SetConfig
 .text.TIM_CCxChannelCmd
                0x000000000800376c       0x46 ./Drivers/STM32F0xx_HAL_Driver/Src/stm32f0xx_hal_tim.o
                0x000000000800376c                TIM_CCxChannelCmd
 *fill*         0x00000000080037b2        0x2 
 .text.HAL_TIMEx_MasterConfigSynchronization
                0x00000000080037b4       0xb0 ./Drivers/STM32F0xx_HAL_Driver/Src/stm32f0xx_hal_tim_ex.o
                0x00000000080037b4                HAL_TIMEx_MasterConfigSynchronization
 .text.HAL_TIMEx_ConfigBreakDeadTime
                0x0000000008003864       0xbc ./Drivers/STM32F0xx_HAL_Driver/Src/stm32f0xx_hal_tim_ex.o
                0x0000000008003864                HAL_TIMEx_ConfigBreakDeadTime
 .text.memset   0x0000000008003920       0x10 C:/ST/STM32CubeIDE_1.13.1/STM32CubeIDE/plugins/com.st.stm32cube.ide.mcu.externaltools.gnu-tools-for-stm32.11.3.rel1.win32_1.1.100.202309141235/tools/bin/../lib/gcc/arm-none-eabi/11.3.1/../../../../arm-none-eabi/lib/thumb/v6-m/nofp\libc_nano.a(libc_a-memset.o)
                0x0000000008003920                memset
 .text.__libc_init_array
                0x0000000008003930       0x48 C:/ST/STM32CubeIDE_1.13.1/STM32CubeIDE/plugins/com.st.stm32cube.ide.mcu.externaltools.gnu-tools-for-stm32.11.3.rel1.win32_1.1.100.202309141235/tools/bin/../lib/gcc/arm-none-eabi/11.3.1/../../../../arm-none-eabi/lib/thumb/v6-m/nofp\libc_nano.a(libc_a-init.o)
                0x0000000008003930                __libc_init_array
 .text.memcpy   0x0000000008003978       0x12 C:/ST/STM32CubeIDE_1.13.1/STM32CubeIDE/plugins/com.st.stm32cube.ide.mcu.externaltools.gnu-tools-for-stm32.11.3.rel1.win32_1.1.100.202309141235/tools/bin/../lib/gcc/arm-none-eabi/11.3.1/../../../../arm-none-eabi/lib/thumb/v6-m/nofp\libc_nano.a(libc_a-memcpy-stub.o)
                0x0000000008003978                memcpy
 *(.glue_7)
 .glue_7        0x000000000800398a        0x0 linker stubs
 *(.glue_7t)
 .glue_7t       0x000000000800398a        0x0 linker stubs
 *(.eh_frame)
 *fill*         0x000000000800398a        0x2 
 .eh_frame      0x000000000800398c        0x0 C:/ST/STM32CubeIDE_1.13.1/STM32CubeIDE/plugins/com.st.stm32cube.ide.mcu.externaltools.gnu-tools-for-stm32.11.3.rel1.win32_1.1.100.202309141235/tools/bin/../lib/gcc/arm-none-eabi/11.3.1/thumb/v6-m/nofp/crtbegin.o
 *(.init)
 .init          0x000000000800398c        0x4 C:/ST/STM32CubeIDE_1.13.1/STM32CubeIDE/plugins/com.st.stm32cube.ide.mcu.externaltools.gnu-tools-for-stm32.11.3.rel1.win32_1.1.100.202309141235/tools/bin/../lib/gcc/arm-none-eabi/11.3.1/thumb/v6-m/nofp/crti.o
                0x000000000800398c                _init
 .init          0x0000000008003990        0x8 C:/ST/STM32CubeIDE_1.13.1/STM32CubeIDE/plugins/com.st.stm32cube.ide.mcu.externaltools.gnu-tools-for-stm32.11.3.rel1.win32_1.1.100.202309141235/tools/bin/../lib/gcc/arm-none-eabi/11.3.1/thumb/v6-m/nofp/crtn.o
 *(.fini)
 .fini          0x0000000008003998        0x4 C:/ST/STM32CubeIDE_1.13.1/STM32CubeIDE/plugins/com.st.stm32cube.ide.mcu.externaltools.gnu-tools-for-stm32.11.3.rel1.win32_1.1.100.202309141235/tools/bin/../lib/gcc/arm-none-eabi/11.3.1/thumb/v6-m/nofp/crti.o
                0x0000000008003998                _fini
 .fini          0x000000000800399c        0x8 C:/ST/STM32CubeIDE_1.13.1/STM32CubeIDE/plugins/com.st.stm32cube.ide.mcu.externaltools.gnu-tools-for-stm32.11.3.rel1.win32_1.1.100.202309141235/tools/bin/../lib/gcc/arm-none-eabi/11.3.1/thumb/v6-m/nofp/crtn.o
                0x00000000080039a4                . = ALIGN (0x4)
                0x00000000080039a4                _etext = .

.vfp11_veneer   0x00000000080039a4        0x0
 .vfp11_veneer  0x00000000080039a4        0x0 linker stubs

.v4_bx          0x00000000080039a4        0x0
 .v4_bx         0x00000000080039a4        0x0 linker stubs

.iplt           0x00000000080039a4        0x0
 .iplt          0x00000000080039a4        0x0 C:/ST/STM32CubeIDE_1.13.1/STM32CubeIDE/plugins/com.st.stm32cube.ide.mcu.externaltools.gnu-tools-for-stm32.11.3.rel1.win32_1.1.100.202309141235/tools/bin/../lib/gcc/arm-none-eabi/11.3.1/thumb/v6-m/nofp/crtbegin.o

.rodata         0x00000000080039a4       0x30
                0x00000000080039a4                . = ALIGN (0x4)
 *(.rodata)
 *(.rodata*)
 .rodata.AHBPrescTable
                0x00000000080039a4       0x10 ./Core/Src/system_stm32f0xx.o
                0x00000000080039a4                AHBPrescTable
 .rodata.aPLLMULFactorTable.1
                0x00000000080039b4       0x10 ./Drivers/STM32F0xx_HAL_Driver/Src/stm32f0xx_hal_rcc.o
 .rodata.aPredivFactorTable.0
                0x00000000080039c4       0x10 ./Drivers/STM32F0xx_HAL_Driver/Src/stm32f0xx_hal_rcc.o
                0x00000000080039d4                . = ALIGN (0x4)

.rel.dyn        0x00000000080039d4        0x0
 .rel.iplt      0x00000000080039d4        0x0 C:/ST/STM32CubeIDE_1.13.1/STM32CubeIDE/plugins/com.st.stm32cube.ide.mcu.externaltools.gnu-tools-for-stm32.11.3.rel1.win32_1.1.100.202309141235/tools/bin/../lib/gcc/arm-none-eabi/11.3.1/thumb/v6-m/nofp/crtbegin.o

.ARM.extab      0x00000000080039d4        0x0
                0x00000000080039d4                . = ALIGN (0x4)
 *(.ARM.extab* .gnu.linkonce.armextab.*)
                0x00000000080039d4                . = ALIGN (0x4)

.ARM            0x00000000080039d4        0x0
                0x00000000080039d4                . = ALIGN (0x4)
                0x00000000080039d4                __exidx_start = .
 *(.ARM.exidx*)
                0x00000000080039d4                __exidx_end = .
                0x00000000080039d4                . = ALIGN (0x4)

.preinit_array  0x00000000080039d4        0x0
                0x00000000080039d4                . = ALIGN (0x4)
                0x00000000080039d4                PROVIDE (__preinit_array_start = .)
 *(.preinit_array*)
                0x00000000080039d4                PROVIDE (__preinit_array_end = .)
                0x00000000080039d4                . = ALIGN (0x4)

.init_array     0x00000000080039d4        0x4
                0x00000000080039d4                . = ALIGN (0x4)
                0x00000000080039d4                PROVIDE (__init_array_start = .)
 *(SORT_BY_NAME(.init_array.*))
 *(.init_array*)
 .init_array    0x00000000080039d4        0x4 C:/ST/STM32CubeIDE_1.13.1/STM32CubeIDE/plugins/com.st.stm32cube.ide.mcu.externaltools.gnu-tools-for-stm32.11.3.rel1.win32_1.1.100.202309141235/tools/bin/../lib/gcc/arm-none-eabi/11.3.1/thumb/v6-m/nofp/crtbegin.o
                0x00000000080039d8                PROVIDE (__init_array_end = .)
                0x00000000080039d8                . = ALIGN (0x4)

.fini_array     0x00000000080039d8        0x4
                0x00000000080039d8                . = ALIGN (0x4)
                [!provide]                        PROVIDE (__fini_array_start = .)
 *(SORT_BY_NAME(.fini_array.*))
 *(.fini_array*)
 .fini_array    0x00000000080039d8        0x4 C:/ST/STM32CubeIDE_1.13.1/STM32CubeIDE/plugins/com.st.stm32cube.ide.mcu.externaltools.gnu-tools-for-stm32.11.3.rel1.win32_1.1.100.202309141235/tools/bin/../lib/gcc/arm-none-eabi/11.3.1/thumb/v6-m/nofp/crtbegin.o
                [!provide]                        PROVIDE (__fini_array_end = .)
                0x00000000080039dc                . = ALIGN (0x4)
                0x00000000080039dc                _sidata = LOADADDR (.data)

.data           0x0000000020000000       0x1c load address 0x00000000080039dc
                0x0000000020000000                . = ALIGN (0x4)
                0x0000000020000000                _sdata = .
 *(.data)
 *(.data*)
 .data.SPI_RX_Buffer
                0x0000000020000000        0xd ./Core/Src/main.o
                0x0000000020000000                SPI_RX_Buffer
 *fill*         0x000000002000000d        0x3 
 .data.SystemCoreClock
                0x0000000020000010        0x4 ./Core/Src/system_stm32f0xx.o
                0x0000000020000010                SystemCoreClock
 .data.uwTickPrio
                0x0000000020000014        0x4 ./Drivers/STM32F0xx_HAL_Driver/Src/stm32f0xx_hal.o
                0x0000000020000014                uwTickPrio
 .data.uwTickFreq
                0x0000000020000018        0x1 ./Drivers/STM32F0xx_HAL_Driver/Src/stm32f0xx_hal.o
                0x0000000020000018                uwTickFreq
 *(.RamFunc)
 *(.RamFunc*)
                0x000000002000001c                . = ALIGN (0x4)
 *fill*         0x0000000020000019        0x3 
                0x000000002000001c                _edata = .

.igot.plt       0x000000002000001c        0x0 load address 0x00000000080039f8
 .igot.plt      0x000000002000001c        0x0 C:/ST/STM32CubeIDE_1.13.1/STM32CubeIDE/plugins/com.st.stm32cube.ide.mcu.externaltools.gnu-tools-for-stm32.11.3.rel1.win32_1.1.100.202309141235/tools/bin/../lib/gcc/arm-none-eabi/11.3.1/thumb/v6-m/nofp/crtbegin.o
                0x000000002000001c                . = ALIGN (0x4)

.bss            0x000000002000001c      0x188 load address 0x00000000080039f8
                0x000000002000001c                _sbss = .
                0x000000002000001c                __bss_start__ = _sbss
 *(.bss)
 .bss           0x000000002000001c       0x1c C:/ST/STM32CubeIDE_1.13.1/STM32CubeIDE/plugins/com.st.stm32cube.ide.mcu.externaltools.gnu-tools-for-stm32.11.3.rel1.win32_1.1.100.202309141235/tools/bin/../lib/gcc/arm-none-eabi/11.3.1/thumb/v6-m/nofp/crtbegin.o
 *(.bss*)
 .bss.hcrc      0x0000000020000038       0x1c ./Core/Src/main.o
                0x0000000020000038                hcrc
 .bss.hspi1     0x0000000020000054       0x64 ./Core/Src/main.o
                0x0000000020000054                hspi1
 .bss.htim1     0x00000000200000b8       0x48 ./Core/Src/main.o
                0x00000000200000b8                htim1
 .bss.htim2     0x0000000020000100       0x48 ./Core/Src/main.o
                0x0000000020000100                htim2
 .bss.htim3     0x0000000020000148       0x48 ./Core/Src/main.o
                0x0000000020000148                htim3
 .bss.SPI_TX_Buffer
                0x0000000020000190        0xd ./Core/Src/main.o
                0x0000000020000190                SPI_TX_Buffer
 *fill*         0x000000002000019d        0x3 
 .bss.uwTick    0x00000000200001a0        0x4 ./Drivers/STM32F0xx_HAL_Driver/Src/stm32f0xx_hal.o
                0x00000000200001a0                uwTick
 *(COMMON)
                0x00000000200001a4                . = ALIGN (0x4)
                0x00000000200001a4                _ebss = .
                0x00000000200001a4                __bss_end__ = _ebss

._user_heap_stack
                0x00000000200001a4      0x604 load address 0x00000000080039f8
                0x00000000200001a8                . = ALIGN (0x8)
 *fill*         0x00000000200001a4        0x4 
                [!provide]                        PROVIDE (end = .)
                0x00000000200001a8                PROVIDE (_end = .)
                0x00000000200003a8                . = (. + _Min_Heap_Size)
 *fill*         0x00000000200001a8      0x200 
                0x00000000200007a8                . = (. + _Min_Stack_Size)
 *fill*         0x00000000200003a8      0x400 
                0x00000000200007a8                . = ALIGN (0x8)

/DISCARD/
 libc.a(*)
 libm.a(*)
 libgcc.a(*)

.ARM.attributes
                0x0000000000000000       0x28
 *(.ARM.attributes)
 .ARM.attributes
                0x0000000000000000       0x1e C:/ST/STM32CubeIDE_1.13.1/STM32CubeIDE/plugins/com.st.stm32cube.ide.mcu.externaltools.gnu-tools-for-stm32.11.3.rel1.win32_1.1.100.202309141235/tools/bin/../lib/gcc/arm-none-eabi/11.3.1/thumb/v6-m/nofp/crti.o
 .ARM.attributes
                0x000000000000001e       0x2c C:/ST/STM32CubeIDE_1.13.1/STM32CubeIDE/plugins/com.st.stm32cube.ide.mcu.externaltools.gnu-tools-for-stm32.11.3.rel1.win32_1.1.100.202309141235/tools/bin/../lib/gcc/arm-none-eabi/11.3.1/thumb/v6-m/nofp/crtbegin.o
 .ARM.attributes
                0x000000000000004a       0x2c ./Core/Src/main.o
 .ARM.attributes
                0x0000000000000076       0x2c ./Core/Src/stm32f0xx_hal_msp.o
 .ARM.attributes
                0x00000000000000a2       0x2c ./Core/Src/stm32f0xx_it.o
 .ARM.attributes
                0x00000000000000ce       0x2c ./Core/Src/system_stm32f0xx.o
 .ARM.attributes
                0x00000000000000fa       0x21 ./Core/Startup/startup_stm32f042k6tx.o
 .ARM.attributes
                0x000000000000011b       0x2c ./Drivers/STM32F0xx_HAL_Driver/Src/stm32f0xx_hal.o
 .ARM.attributes
                0x0000000000000147       0x2c ./Drivers/STM32F0xx_HAL_Driver/Src/stm32f0xx_hal_cortex.o
 .ARM.attributes
                0x0000000000000173       0x2c ./Drivers/STM32F0xx_HAL_Driver/Src/stm32f0xx_hal_crc.o
 .ARM.attributes
                0x000000000000019f       0x2c ./Drivers/STM32F0xx_HAL_Driver/Src/stm32f0xx_hal_dma.o
 .ARM.attributes
                0x00000000000001cb       0x2c ./Drivers/STM32F0xx_HAL_Driver/Src/stm32f0xx_hal_gpio.o
 .ARM.attributes
                0x00000000000001f7       0x2c ./Drivers/STM32F0xx_HAL_Driver/Src/stm32f0xx_hal_rcc.o
 .ARM.attributes
                0x0000000000000223       0x2c ./Drivers/STM32F0xx_HAL_Driver/Src/stm32f0xx_hal_spi.o
 .ARM.attributes
                0x000000000000024f       0x2c ./Drivers/STM32F0xx_HAL_Driver/Src/stm32f0xx_hal_tim.o
 .ARM.attributes
                0x000000000000027b       0x2c ./Drivers/STM32F0xx_HAL_Driver/Src/stm32f0xx_hal_tim_ex.o
 .ARM.attributes
                0x00000000000002a7       0x2c C:/ST/STM32CubeIDE_1.13.1/STM32CubeIDE/plugins/com.st.stm32cube.ide.mcu.externaltools.gnu-tools-for-stm32.11.3.rel1.win32_1.1.100.202309141235/tools/bin/../lib/gcc/arm-none-eabi/11.3.1/../../../../arm-none-eabi/lib/thumb/v6-m/nofp\libc_nano.a(libc_a-memset.o)
 .ARM.attributes
                0x00000000000002d3       0x2c C:/ST/STM32CubeIDE_1.13.1/STM32CubeIDE/plugins/com.st.stm32cube.ide.mcu.externaltools.gnu-tools-for-stm32.11.3.rel1.win32_1.1.100.202309141235/tools/bin/../lib/gcc/arm-none-eabi/11.3.1/../../../../arm-none-eabi/lib/thumb/v6-m/nofp\libc_nano.a(libc_a-init.o)
 .ARM.attributes
                0x00000000000002ff       0x2c C:/ST/STM32CubeIDE_1.13.1/STM32CubeIDE/plugins/com.st.stm32cube.ide.mcu.externaltools.gnu-tools-for-stm32.11.3.rel1.win32_1.1.100.202309141235/tools/bin/../lib/gcc/arm-none-eabi/11.3.1/../../../../arm-none-eabi/lib/thumb/v6-m/nofp\libc_nano.a(libc_a-memcpy-stub.o)
 .ARM.attributes
                0x000000000000032b       0x1e C:/ST/STM32CubeIDE_1.13.1/STM32CubeIDE/plugins/com.st.stm32cube.ide.mcu.externaltools.gnu-tools-for-stm32.11.3.rel1.win32_1.1.100.202309141235/tools/bin/../lib/gcc/arm-none-eabi/11.3.1/thumb/v6-m/nofp\libgcc.a(_udivsi3.o)
 .ARM.attributes
                0x0000000000000349       0x1e C:/ST/STM32CubeIDE_1.13.1/STM32CubeIDE/plugins/com.st.stm32cube.ide.mcu.externaltools.gnu-tools-for-stm32.11.3.rel1.win32_1.1.100.202309141235/tools/bin/../lib/gcc/arm-none-eabi/11.3.1/thumb/v6-m/nofp\libgcc.a(_dvmd_tls.o)
 .ARM.attributes
                0x0000000000000367       0x1e C:/ST/STM32CubeIDE_1.13.1/STM32CubeIDE/plugins/com.st.stm32cube.ide.mcu.externaltools.gnu-tools-for-stm32.11.3.rel1.win32_1.1.100.202309141235/tools/bin/../lib/gcc/arm-none-eabi/11.3.1/thumb/v6-m/nofp/crtn.o
OUTPUT(jank_heaven.elf elf32-littlearm)
LOAD linker stubs
LOAD C:/ST/STM32CubeIDE_1.13.1/STM32CubeIDE/plugins/com.st.stm32cube.ide.mcu.externaltools.gnu-tools-for-stm32.11.3.rel1.win32_1.1.100.202309141235/tools/bin/../lib/gcc/arm-none-eabi/11.3.1/../../../../arm-none-eabi/lib/thumb/v6-m/nofp\libc.a
LOAD C:/ST/STM32CubeIDE_1.13.1/STM32CubeIDE/plugins/com.st.stm32cube.ide.mcu.externaltools.gnu-tools-for-stm32.11.3.rel1.win32_1.1.100.202309141235/tools/bin/../lib/gcc/arm-none-eabi/11.3.1/../../../../arm-none-eabi/lib/thumb/v6-m/nofp\libm.a
LOAD C:/ST/STM32CubeIDE_1.13.1/STM32CubeIDE/plugins/com.st.stm32cube.ide.mcu.externaltools.gnu-tools-for-stm32.11.3.rel1.win32_1.1.100.202309141235/tools/bin/../lib/gcc/arm-none-eabi/11.3.1/thumb/v6-m/nofp\libgcc.a

.comment        0x0000000000000000       0x43
 .comment       0x0000000000000000       0x43 C:/ST/STM32CubeIDE_1.13.1/STM32CubeIDE/plugins/com.st.stm32cube.ide.mcu.externaltools.gnu-tools-for-stm32.11.3.rel1.win32_1.1.100.202309141235/tools/bin/../lib/gcc/arm-none-eabi/11.3.1/thumb/v6-m/nofp/crtbegin.o
                                         0x44 (size before relaxing)
 .comment       0x0000000000000043       0x44 ./Core/Src/main.o
 .comment       0x0000000000000043       0x44 ./Core/Src/stm32f0xx_hal_msp.o
 .comment       0x0000000000000043       0x44 ./Core/Src/stm32f0xx_it.o
 .comment       0x0000000000000043       0x44 ./Core/Src/system_stm32f0xx.o
 .comment       0x0000000000000043       0x44 ./Drivers/STM32F0xx_HAL_Driver/Src/stm32f0xx_hal.o
 .comment       0x0000000000000043       0x44 ./Drivers/STM32F0xx_HAL_Driver/Src/stm32f0xx_hal_cortex.o
 .comment       0x0000000000000043       0x44 ./Drivers/STM32F0xx_HAL_Driver/Src/stm32f0xx_hal_crc.o
 .comment       0x0000000000000043       0x44 ./Drivers/STM32F0xx_HAL_Driver/Src/stm32f0xx_hal_dma.o
 .comment       0x0000000000000043       0x44 ./Drivers/STM32F0xx_HAL_Driver/Src/stm32f0xx_hal_gpio.o
 .comment       0x0000000000000043       0x44 ./Drivers/STM32F0xx_HAL_Driver/Src/stm32f0xx_hal_rcc.o
 .comment       0x0000000000000043       0x44 ./Drivers/STM32F0xx_HAL_Driver/Src/stm32f0xx_hal_spi.o
 .comment       0x0000000000000043       0x44 ./Drivers/STM32F0xx_HAL_Driver/Src/stm32f0xx_hal_tim.o
 .comment       0x0000000000000043       0x44 ./Drivers/STM32F0xx_HAL_Driver/Src/stm32f0xx_hal_tim_ex.o

.debug_info     0x0000000000000000     0xa7fd
 .debug_info    0x0000000000000000     0x1505 ./Core/Src/main.o
 .debug_info    0x0000000000001505      0xfbc ./Core/Src/stm32f0xx_hal_msp.o
 .debug_info    0x00000000000024c1      0x5fc ./Core/Src/stm32f0xx_it.o
 .debug_info    0x0000000000002abd      0x242 ./Core/Src/system_stm32f0xx.o
 .debug_info    0x0000000000002cff       0x23 ./Core/Startup/startup_stm32f042k6tx.o
 .debug_info    0x0000000000002d22      0x69d ./Drivers/STM32F0xx_HAL_Driver/Src/stm32f0xx_hal.o
 .debug_info    0x00000000000033bf      0x6a7 ./Drivers/STM32F0xx_HAL_Driver/Src/stm32f0xx_hal_cortex.o
 .debug_info    0x0000000000003a66      0x4ec ./Drivers/STM32F0xx_HAL_Driver/Src/stm32f0xx_hal_crc.o
 .debug_info    0x0000000000003f52      0x6ea ./Drivers/STM32F0xx_HAL_Driver/Src/stm32f0xx_hal_dma.o
 .debug_info    0x000000000000463c      0x5a6 ./Drivers/STM32F0xx_HAL_Driver/Src/stm32f0xx_hal_gpio.o
 .debug_info    0x0000000000004be2      0x83f ./Drivers/STM32F0xx_HAL_Driver/Src/stm32f0xx_hal_rcc.o
 .debug_info    0x0000000000005421     0x1618 ./Drivers/STM32F0xx_HAL_Driver/Src/stm32f0xx_hal_spi.o
 .debug_info    0x0000000000006a39     0x2932 ./Drivers/STM32F0xx_HAL_Driver/Src/stm32f0xx_hal_tim.o
 .debug_info    0x000000000000936b     0x1492 ./Drivers/STM32F0xx_HAL_Driver/Src/stm32f0xx_hal_tim_ex.o

.debug_abbrev   0x0000000000000000     0x1c96
 .debug_abbrev  0x0000000000000000      0x36c ./Core/Src/main.o
 .debug_abbrev  0x000000000000036c      0x235 ./Core/Src/stm32f0xx_hal_msp.o
 .debug_abbrev  0x00000000000005a1      0x17f ./Core/Src/stm32f0xx_it.o
 .debug_abbrev  0x0000000000000720      0x11c ./Core/Src/system_stm32f0xx.o
 .debug_abbrev  0x000000000000083c       0x12 ./Core/Startup/startup_stm32f042k6tx.o
 .debug_abbrev  0x000000000000084e      0x247 ./Drivers/STM32F0xx_HAL_Driver/Src/stm32f0xx_hal.o
 .debug_abbrev  0x0000000000000a95      0x28c ./Drivers/STM32F0xx_HAL_Driver/Src/stm32f0xx_hal_cortex.o
 .debug_abbrev  0x0000000000000d21      0x196 ./Drivers/STM32F0xx_HAL_Driver/Src/stm32f0xx_hal_crc.o
 .debug_abbrev  0x0000000000000eb7      0x224 ./Drivers/STM32F0xx_HAL_Driver/Src/stm32f0xx_hal_dma.o
 .debug_abbrev  0x00000000000010db      0x1cb ./Drivers/STM32F0xx_HAL_Driver/Src/stm32f0xx_hal_gpio.o
 .debug_abbrev  0x00000000000012a6      0x28c ./Drivers/STM32F0xx_HAL_Driver/Src/stm32f0xx_hal_rcc.o
 .debug_abbrev  0x0000000000001532      0x269 ./Drivers/STM32F0xx_HAL_Driver/Src/stm32f0xx_hal_spi.o
 .debug_abbrev  0x000000000000179b      0x278 ./Drivers/STM32F0xx_HAL_Driver/Src/stm32f0xx_hal_tim.o
 .debug_abbrev  0x0000000000001a13      0x283 ./Drivers/STM32F0xx_HAL_Driver/Src/stm32f0xx_hal_tim_ex.o

.debug_aranges  0x0000000000000000      0xbd8
 .debug_aranges
                0x0000000000000000       0x78 ./Core/Src/main.o
 .debug_aranges
                0x0000000000000078       0x68 ./Core/Src/stm32f0xx_hal_msp.o
 .debug_aranges
                0x00000000000000e0       0x48 ./Core/Src/stm32f0xx_it.o
 .debug_aranges
                0x0000000000000128       0x28 ./Core/Src/system_stm32f0xx.o
 .debug_aranges
                0x0000000000000150       0x28 ./Core/Startup/startup_stm32f042k6tx.o
 .debug_aranges
                0x0000000000000178       0xd0 ./Drivers/STM32F0xx_HAL_Driver/Src/stm32f0xx_hal.o
 .debug_aranges
                0x0000000000000248       0xc0 ./Drivers/STM32F0xx_HAL_Driver/Src/stm32f0xx_hal_cortex.o
 .debug_aranges
                0x0000000000000308       0x60 ./Drivers/STM32F0xx_HAL_Driver/Src/stm32f0xx_hal_crc.o
 .debug_aranges
                0x0000000000000368       0x88 ./Drivers/STM32F0xx_HAL_Driver/Src/stm32f0xx_hal_dma.o
 .debug_aranges
                0x00000000000003f0       0x58 ./Drivers/STM32F0xx_HAL_Driver/Src/stm32f0xx_hal_gpio.o
 .debug_aranges
                0x0000000000000448       0x80 ./Drivers/STM32F0xx_HAL_Driver/Src/stm32f0xx_hal_rcc.o
 .debug_aranges
                0x00000000000004c8      0x1d8 ./Drivers/STM32F0xx_HAL_Driver/Src/stm32f0xx_hal_spi.o
 .debug_aranges
                0x00000000000006a0      0x3d0 ./Drivers/STM32F0xx_HAL_Driver/Src/stm32f0xx_hal_tim.o
 .debug_aranges
                0x0000000000000a70      0x168 ./Drivers/STM32F0xx_HAL_Driver/Src/stm32f0xx_hal_tim_ex.o

.debug_rnglists
                0x0000000000000000      0x93c
 .debug_rnglists
                0x0000000000000000       0x5c ./Core/Src/main.o
 .debug_rnglists
                0x000000000000005c       0x4b ./Core/Src/stm32f0xx_hal_msp.o
 .debug_rnglists
                0x00000000000000a7       0x31 ./Core/Src/stm32f0xx_it.o
 .debug_rnglists
                0x00000000000000d8       0x1a ./Core/Src/system_stm32f0xx.o
 .debug_rnglists
                0x00000000000000f2       0x1a ./Core/Startup/startup_stm32f042k6tx.o
 .debug_rnglists
                0x000000000000010c       0x97 ./Drivers/STM32F0xx_HAL_Driver/Src/stm32f0xx_hal.o
 .debug_rnglists
                0x00000000000001a3       0x8c ./Drivers/STM32F0xx_HAL_Driver/Src/stm32f0xx_hal_cortex.o
 .debug_rnglists
                0x000000000000022f       0x47 ./Drivers/STM32F0xx_HAL_Driver/Src/stm32f0xx_hal_crc.o
 .debug_rnglists
                0x0000000000000276       0x6a ./Drivers/STM32F0xx_HAL_Driver/Src/stm32f0xx_hal_dma.o
 .debug_rnglists
                0x00000000000002e0       0x3f ./Drivers/STM32F0xx_HAL_Driver/Src/stm32f0xx_hal_gpio.o
 .debug_rnglists
                0x000000000000031f       0x61 ./Drivers/STM32F0xx_HAL_Driver/Src/stm32f0xx_hal_rcc.o
 .debug_rnglists
                0x0000000000000380      0x17a ./Drivers/STM32F0xx_HAL_Driver/Src/stm32f0xx_hal_spi.o
 .debug_rnglists
                0x00000000000004fa      0x31c ./Drivers/STM32F0xx_HAL_Driver/Src/stm32f0xx_hal_tim.o
 .debug_rnglists
                0x0000000000000816      0x126 ./Drivers/STM32F0xx_HAL_Driver/Src/stm32f0xx_hal_tim_ex.o

.debug_macro    0x0000000000000000    0x18011
 .debug_macro   0x0000000000000000      0x1f8 ./Core/Src/main.o
 .debug_macro   0x00000000000001f8      0xa7e ./Core/Src/main.o
 .debug_macro   0x0000000000000c76      0x139 ./Core/Src/main.o
 .debug_macro   0x0000000000000daf       0x2e ./Core/Src/main.o
 .debug_macro   0x0000000000000ddd       0x22 ./Core/Src/main.o
 .debug_macro   0x0000000000000dff       0x22 ./Core/Src/main.o
 .debug_macro   0x0000000000000e21       0x8e ./Core/Src/main.o
 .debug_macro   0x0000000000000eaf       0x51 ./Core/Src/main.o
 .debug_macro   0x0000000000000f00      0x103 ./Core/Src/main.o
 .debug_macro   0x0000000000001003       0x6a ./Core/Src/main.o
 .debug_macro   0x000000000000106d      0x1df ./Core/Src/main.o
 .debug_macro   0x000000000000124c       0x1c ./Core/Src/main.o
 .debug_macro   0x0000000000001268       0x22 ./Core/Src/main.o
 .debug_macro   0x000000000000128a       0xaf ./Core/Src/main.o
 .debug_macro   0x0000000000001339      0x391 ./Core/Src/main.o
 .debug_macro   0x00000000000016ca     0xf209 ./Core/Src/main.o
 .debug_macro   0x00000000000108d3       0x66 ./Core/Src/main.o
 .debug_macro   0x0000000000010939     0x34be ./Core/Src/main.o
 .debug_macro   0x0000000000013df7      0x174 ./Core/Src/main.o
 .debug_macro   0x0000000000013f6b       0x55 ./Core/Src/main.o
 .debug_macro   0x0000000000013fc0      0x946 ./Core/Src/main.o
 .debug_macro   0x0000000000014906      0x46b ./Core/Src/main.o
 .debug_macro   0x0000000000014d71      0x1ae ./Core/Src/main.o
 .debug_macro   0x0000000000014f1f      0x130 ./Core/Src/main.o
 .debug_macro   0x000000000001504f      0x199 ./Core/Src/main.o
 .debug_macro   0x00000000000151e8      0x1ed ./Core/Src/main.o
 .debug_macro   0x00000000000153d5       0x34 ./Core/Src/main.o
 .debug_macro   0x0000000000015409       0x43 ./Core/Src/main.o
 .debug_macro   0x000000000001544c       0x28 ./Core/Src/main.o
 .debug_macro   0x0000000000015474       0x6c ./Core/Src/main.o
 .debug_macro   0x00000000000154e0       0x4c ./Core/Src/main.o
 .debug_macro   0x000000000001552c       0xb0 ./Core/Src/main.o
 .debug_macro   0x00000000000155dc      0x182 ./Core/Src/main.o
 .debug_macro   0x000000000001575e      0x22c ./Core/Src/main.o
 .debug_macro   0x000000000001598a       0x61 ./Core/Src/main.o
 .debug_macro   0x00000000000159eb       0xa5 ./Core/Src/main.o
 .debug_macro   0x0000000000015a90       0x4c ./Core/Src/main.o
 .debug_macro   0x0000000000015adc      0x15b ./Core/Src/main.o
 .debug_macro   0x0000000000015c37      0x2fe ./Core/Src/main.o
 .debug_macro   0x0000000000015f35      0x8f4 ./Core/Src/main.o
 .debug_macro   0x0000000000016829       0x28 ./Core/Src/main.o
 .debug_macro   0x0000000000016851      0x12e ./Core/Src/main.o
 .debug_macro   0x000000000001697f       0x10 ./Core/Src/main.o
 .debug_macro   0x000000000001698f      0x1e6 ./Core/Src/stm32f0xx_hal_msp.o
 .debug_macro   0x0000000000016b75      0x1f0 ./Core/Src/stm32f0xx_it.o
 .debug_macro   0x0000000000016d65      0x1d7 ./Core/Src/system_stm32f0xx.o
 .debug_macro   0x0000000000016f3c      0x1fb ./Drivers/STM32F0xx_HAL_Driver/Src/stm32f0xx_hal.o
 .debug_macro   0x0000000000017137      0x1d7 ./Drivers/STM32F0xx_HAL_Driver/Src/stm32f0xx_hal_cortex.o
 .debug_macro   0x000000000001730e      0x1d7 ./Drivers/STM32F0xx_HAL_Driver/Src/stm32f0xx_hal_crc.o
 .debug_macro   0x00000000000174e5      0x1d7 ./Drivers/STM32F0xx_HAL_Driver/Src/stm32f0xx_hal_dma.o
 .debug_macro   0x00000000000176bc      0x1de ./Drivers/STM32F0xx_HAL_Driver/Src/stm32f0xx_hal_gpio.o
 .debug_macro   0x000000000001789a      0x1e9 ./Drivers/STM32F0xx_HAL_Driver/Src/stm32f0xx_hal_rcc.o
 .debug_macro   0x0000000000017a83      0x1df ./Drivers/STM32F0xx_HAL_Driver/Src/stm32f0xx_hal_spi.o
 .debug_macro   0x0000000000017c62      0x1d8 ./Drivers/STM32F0xx_HAL_Driver/Src/stm32f0xx_hal_tim.o
 .debug_macro   0x0000000000017e3a      0x1d7 ./Drivers/STM32F0xx_HAL_Driver/Src/stm32f0xx_hal_tim_ex.o

.debug_line     0x0000000000000000     0xdc59
 .debug_line    0x0000000000000000      0xbd9 ./Core/Src/main.o
 .debug_line    0x0000000000000bd9      0x921 ./Core/Src/stm32f0xx_hal_msp.o
 .debug_line    0x00000000000014fa      0x810 ./Core/Src/stm32f0xx_it.o
 .debug_line    0x0000000000001d0a      0x821 ./Core/Src/system_stm32f0xx.o
 .debug_line    0x000000000000252b       0x8d ./Core/Startup/startup_stm32f042k6tx.o
 .debug_line    0x00000000000025b8      0xa14 ./Drivers/STM32F0xx_HAL_Driver/Src/stm32f0xx_hal.o
 .debug_line    0x0000000000002fcc      0xac0 ./Drivers/STM32F0xx_HAL_Driver/Src/stm32f0xx_hal_cortex.o
 .debug_line    0x0000000000003a8c      0xac9 ./Drivers/STM32F0xx_HAL_Driver/Src/stm32f0xx_hal_crc.o
 .debug_line    0x0000000000004555      0xd38 ./Drivers/STM32F0xx_HAL_Driver/Src/stm32f0xx_hal_dma.o
 .debug_line    0x000000000000528d      0xb7c ./Drivers/STM32F0xx_HAL_Driver/Src/stm32f0xx_hal_gpio.o
 .debug_line    0x0000000000005e09      0xe9c ./Drivers/STM32F0xx_HAL_Driver/Src/stm32f0xx_hal_rcc.o
 .debug_line    0x0000000000006ca5     0x1f1e ./Drivers/STM32F0xx_HAL_Driver/Src/stm32f0xx_hal_spi.o
 .debug_line    0x0000000000008bc3     0x3706 ./Drivers/STM32F0xx_HAL_Driver/Src/stm32f0xx_hal_tim.o
 .debug_line    0x000000000000c2c9     0x1990 ./Drivers/STM32F0xx_HAL_Driver/Src/stm32f0xx_hal_tim_ex.o

.debug_str      0x0000000000000000    0x8c04a
 .debug_str     0x0000000000000000    0x89b3d ./Core/Src/main.o
                                      0x89e91 (size before relaxing)
 .debug_str     0x0000000000089b3d      0x261 ./Core/Src/stm32f0xx_hal_msp.o
                                      0x89afc (size before relaxing)
 .debug_str     0x0000000000089d9e       0xa5 ./Core/Src/stm32f0xx_it.o
                                      0x893d4 (size before relaxing)
 .debug_str     0x0000000000089e43       0x8b ./Core/Src/system_stm32f0xx.o
                                      0x88fe8 (size before relaxing)
 .debug_str     0x0000000000089ece       0x34 ./Core/Startup/startup_stm32f042k6tx.o
                                         0x77 (size before relaxing)
 .debug_str     0x0000000000089f02      0x37a ./Drivers/STM32F0xx_HAL_Driver/Src/stm32f0xx_hal.o
                                      0x8959a (size before relaxing)
 .debug_str     0x000000000008a27c      0x183 ./Drivers/STM32F0xx_HAL_Driver/Src/stm32f0xx_hal_cortex.o
                                      0x8938b (size before relaxing)
 .debug_str     0x000000000008a3ff       0xa6 ./Drivers/STM32F0xx_HAL_Driver/Src/stm32f0xx_hal_crc.o
                                      0x891bf (size before relaxing)
 .debug_str     0x000000000008a4a5      0x248 ./Drivers/STM32F0xx_HAL_Driver/Src/stm32f0xx_hal_dma.o
                                      0x8938e (size before relaxing)
 .debug_str     0x000000000008a6ed      0x113 ./Drivers/STM32F0xx_HAL_Driver/Src/stm32f0xx_hal_gpio.o
                                      0x89189 (size before relaxing)
 .debug_str     0x000000000008a800      0x21a ./Drivers/STM32F0xx_HAL_Driver/Src/stm32f0xx_hal_rcc.o
                                      0x8942f (size before relaxing)
 .debug_str     0x000000000008aa1a      0x52d ./Drivers/STM32F0xx_HAL_Driver/Src/stm32f0xx_hal_spi.o
                                      0x89958 (size before relaxing)
 .debug_str     0x000000000008af47      0xd22 ./Drivers/STM32F0xx_HAL_Driver/Src/stm32f0xx_hal_tim.o
                                      0x8a3ee (size before relaxing)
 .debug_str     0x000000000008bc69      0x3e1 ./Drivers/STM32F0xx_HAL_Driver/Src/stm32f0xx_hal_tim_ex.o
                                      0x89c0a (size before relaxing)

.debug_frame    0x0000000000000000     0x2ac8
 .debug_frame   0x0000000000000000      0x184 ./Core/Src/main.o
 .debug_frame   0x0000000000000184      0x150 ./Core/Src/stm32f0xx_hal_msp.o
 .debug_frame   0x00000000000002d4       0xb8 ./Core/Src/stm32f0xx_it.o
 .debug_frame   0x000000000000038c       0x4c ./Core/Src/system_stm32f0xx.o
 .debug_frame   0x00000000000003d8      0x2a4 ./Drivers/STM32F0xx_HAL_Driver/Src/stm32f0xx_hal.o
 .debug_frame   0x000000000000067c      0x2a0 ./Drivers/STM32F0xx_HAL_Driver/Src/stm32f0xx_hal_cortex.o
 .debug_frame   0x000000000000091c      0x130 ./Drivers/STM32F0xx_HAL_Driver/Src/stm32f0xx_hal_crc.o
 .debug_frame   0x0000000000000a4c      0x1d0 ./Drivers/STM32F0xx_HAL_Driver/Src/stm32f0xx_hal_dma.o
 .debug_frame   0x0000000000000c1c      0x110 ./Drivers/STM32F0xx_HAL_Driver/Src/stm32f0xx_hal_gpio.o
 .debug_frame   0x0000000000000d2c      0x198 ./Drivers/STM32F0xx_HAL_Driver/Src/stm32f0xx_hal_rcc.o
 .debug_frame   0x0000000000000ec4      0x710 ./Drivers/STM32F0xx_HAL_Driver/Src/stm32f0xx_hal_spi.o
 .debug_frame   0x00000000000015d4      0xf00 ./Drivers/STM32F0xx_HAL_Driver/Src/stm32f0xx_hal_tim.o
 .debug_frame   0x00000000000024d4      0x560 ./Drivers/STM32F0xx_HAL_Driver/Src/stm32f0xx_hal_tim_ex.o
 .debug_frame   0x0000000000002a34       0x20 C:/ST/STM32CubeIDE_1.13.1/STM32CubeIDE/plugins/com.st.stm32cube.ide.mcu.externaltools.gnu-tools-for-stm32.11.3.rel1.win32_1.1.100.202309141235/tools/bin/../lib/gcc/arm-none-eabi/11.3.1/../../../../arm-none-eabi/lib/thumb/v6-m/nofp\libc_nano.a(libc_a-memset.o)
 .debug_frame   0x0000000000002a54       0x2c C:/ST/STM32CubeIDE_1.13.1/STM32CubeIDE/plugins/com.st.stm32cube.ide.mcu.externaltools.gnu-tools-for-stm32.11.3.rel1.win32_1.1.100.202309141235/tools/bin/../lib/gcc/arm-none-eabi/11.3.1/../../../../arm-none-eabi/lib/thumb/v6-m/nofp\libc_nano.a(libc_a-init.o)
 .debug_frame   0x0000000000002a80       0x28 C:/ST/STM32CubeIDE_1.13.1/STM32CubeIDE/plugins/com.st.stm32cube.ide.mcu.externaltools.gnu-tools-for-stm32.11.3.rel1.win32_1.1.100.202309141235/tools/bin/../lib/gcc/arm-none-eabi/11.3.1/../../../../arm-none-eabi/lib/thumb/v6-m/nofp\libc_nano.a(libc_a-memcpy-stub.o)
 .debug_frame   0x0000000000002aa8       0x20 C:/ST/STM32CubeIDE_1.13.1/STM32CubeIDE/plugins/com.st.stm32cube.ide.mcu.externaltools.gnu-tools-for-stm32.11.3.rel1.win32_1.1.100.202309141235/tools/bin/../lib/gcc/arm-none-eabi/11.3.1/thumb/v6-m/nofp\libgcc.a(_udivsi3.o)

.debug_line_str
                0x0000000000000000       0x6b
 .debug_line_str
                0x0000000000000000       0x6b ./Core/Startup/startup_stm32f042k6tx.o
                                         0x83 (size before relaxing)
