Archive member included to satisfy reference by file (symbol)

/opt/st/stm32cubeide_1.14.0/plugins/com.st.stm32cube.ide.mcu.externaltools.gnu-tools-for-stm32.11.3.rel1.linux64_1.1.100.202309141235/tools/bin/../lib/gcc/arm-none-eabi/11.3.1/../../../../arm-none-eabi/lib/thumb/v6-m/nofp/libc_nano.a(libc_a-exit.o)
                              /opt/st/stm32cubeide_1.14.0/plugins/com.st.stm32cube.ide.mcu.externaltools.gnu-tools-for-stm32.11.3.rel1.linux64_1.1.100.202309141235/tools/bin/../lib/gcc/arm-none-eabi/11.3.1/../../../../arm-none-eabi/lib/thumb/v6-m/nofp/crt0.o (exit)
/opt/st/stm32cubeide_1.14.0/plugins/com.st.stm32cube.ide.mcu.externaltools.gnu-tools-for-stm32.11.3.rel1.linux64_1.1.100.202309141235/tools/bin/../lib/gcc/arm-none-eabi/11.3.1/../../../../arm-none-eabi/lib/thumb/v6-m/nofp/libc_nano.a(libc_a-findfp.o)
                              /opt/st/stm32cubeide_1.14.0/plugins/com.st.stm32cube.ide.mcu.externaltools.gnu-tools-for-stm32.11.3.rel1.linux64_1.1.100.202309141235/tools/bin/../lib/gcc/arm-none-eabi/11.3.1/../../../../arm-none-eabi/lib/thumb/v6-m/nofp/libc_nano.a(libc_a-exit.o) (__stdio_exit_handler)
/opt/st/stm32cubeide_1.14.0/plugins/com.st.stm32cube.ide.mcu.externaltools.gnu-tools-for-stm32.11.3.rel1.linux64_1.1.100.202309141235/tools/bin/../lib/gcc/arm-none-eabi/11.3.1/../../../../arm-none-eabi/lib/thumb/v6-m/nofp/libc_nano.a(libc_a-fwalk.o)
                              /opt/st/stm32cubeide_1.14.0/plugins/com.st.stm32cube.ide.mcu.externaltools.gnu-tools-for-stm32.11.3.rel1.linux64_1.1.100.202309141235/tools/bin/../lib/gcc/arm-none-eabi/11.3.1/../../../../arm-none-eabi/lib/thumb/v6-m/nofp/libc_nano.a(libc_a-findfp.o) (_fwalk_sglue)
/opt/st/stm32cubeide_1.14.0/plugins/com.st.stm32cube.ide.mcu.externaltools.gnu-tools-for-stm32.11.3.rel1.linux64_1.1.100.202309141235/tools/bin/../lib/gcc/arm-none-eabi/11.3.1/../../../../arm-none-eabi/lib/thumb/v6-m/nofp/libc_nano.a(libc_a-stdio.o)
                              /opt/st/stm32cubeide_1.14.0/plugins/com.st.stm32cube.ide.mcu.externaltools.gnu-tools-for-stm32.11.3.rel1.linux64_1.1.100.202309141235/tools/bin/../lib/gcc/arm-none-eabi/11.3.1/../../../../arm-none-eabi/lib/thumb/v6-m/nofp/libc_nano.a(libc_a-findfp.o) (__sread)
/opt/st/stm32cubeide_1.14.0/plugins/com.st.stm32cube.ide.mcu.externaltools.gnu-tools-for-stm32.11.3.rel1.linux64_1.1.100.202309141235/tools/bin/../lib/gcc/arm-none-eabi/11.3.1/../../../../arm-none-eabi/lib/thumb/v6-m/nofp/libc_nano.a(libc_a-memset.o)
                              /opt/st/stm32cubeide_1.14.0/plugins/com.st.stm32cube.ide.mcu.externaltools.gnu-tools-for-stm32.11.3.rel1.linux64_1.1.100.202309141235/tools/bin/../lib/gcc/arm-none-eabi/11.3.1/../../../../arm-none-eabi/lib/thumb/v6-m/nofp/crt0.o (memset)
/opt/st/stm32cubeide_1.14.0/plugins/com.st.stm32cube.ide.mcu.externaltools.gnu-tools-for-stm32.11.3.rel1.linux64_1.1.100.202309141235/tools/bin/../lib/gcc/arm-none-eabi/11.3.1/../../../../arm-none-eabi/lib/thumb/v6-m/nofp/libc_nano.a(libc_a-closer.o)
                              /opt/st/stm32cubeide_1.14.0/plugins/com.st.stm32cube.ide.mcu.externaltools.gnu-tools-for-stm32.11.3.rel1.linux64_1.1.100.202309141235/tools/bin/../lib/gcc/arm-none-eabi/11.3.1/../../../../arm-none-eabi/lib/thumb/v6-m/nofp/libc_nano.a(libc_a-stdio.o) (_close_r)
/opt/st/stm32cubeide_1.14.0/plugins/com.st.stm32cube.ide.mcu.externaltools.gnu-tools-for-stm32.11.3.rel1.linux64_1.1.100.202309141235/tools/bin/../lib/gcc/arm-none-eabi/11.3.1/../../../../arm-none-eabi/lib/thumb/v6-m/nofp/libc_nano.a(libc_a-reent.o)
                              /opt/st/stm32cubeide_1.14.0/plugins/com.st.stm32cube.ide.mcu.externaltools.gnu-tools-for-stm32.11.3.rel1.linux64_1.1.100.202309141235/tools/bin/../lib/gcc/arm-none-eabi/11.3.1/../../../../arm-none-eabi/lib/thumb/v6-m/nofp/libc_nano.a(libc_a-closer.o) (errno)
/opt/st/stm32cubeide_1.14.0/plugins/com.st.stm32cube.ide.mcu.externaltools.gnu-tools-for-stm32.11.3.rel1.linux64_1.1.100.202309141235/tools/bin/../lib/gcc/arm-none-eabi/11.3.1/../../../../arm-none-eabi/lib/thumb/v6-m/nofp/libc_nano.a(libc_a-impure.o)
                              /opt/st/stm32cubeide_1.14.0/plugins/com.st.stm32cube.ide.mcu.externaltools.gnu-tools-for-stm32.11.3.rel1.linux64_1.1.100.202309141235/tools/bin/../lib/gcc/arm-none-eabi/11.3.1/../../../../arm-none-eabi/lib/thumb/v6-m/nofp/libc_nano.a(libc_a-reent.o) (_impure_ptr)
/opt/st/stm32cubeide_1.14.0/plugins/com.st.stm32cube.ide.mcu.externaltools.gnu-tools-for-stm32.11.3.rel1.linux64_1.1.100.202309141235/tools/bin/../lib/gcc/arm-none-eabi/11.3.1/../../../../arm-none-eabi/lib/thumb/v6-m/nofp/libc_nano.a(libc_a-lseekr.o)
                              /opt/st/stm32cubeide_1.14.0/plugins/com.st.stm32cube.ide.mcu.externaltools.gnu-tools-for-stm32.11.3.rel1.linux64_1.1.100.202309141235/tools/bin/../lib/gcc/arm-none-eabi/11.3.1/../../../../arm-none-eabi/lib/thumb/v6-m/nofp/libc_nano.a(libc_a-stdio.o) (_lseek_r)
[...]
Memory Configuration

Name             Origin             Length             Attributes
RAM              0x0000000020000000 0x0000000000001800 xrw
FLASH            0x0000000008000000 0x0000000000008000 xr
*default*        0x0000000000000000 0xffffffffffffffff

Linker script and memory map

LOAD /opt/st/stm32cubeide_1.14.0/plugins/com.st.stm32cube.ide.mcu.externaltools.gnu-tools-for-stm32.11.3.rel1.linux64_1.1.100.202309141235/tools/bin/../lib/gcc/arm-none-eabi/11.3.1/thumb/v6-m/nofp/crti.o
LOAD /opt/st/stm32cubeide_1.14.0/plugins/com.st.stm32cube.ide.mcu.externaltools.gnu-tools-for-stm32.11.3.rel1.linux64_1.1.100.202309141235/tools/bin/../lib/gcc/arm-none-eabi/11.3.1/thumb/v6-m/nofp/crtbegin.o
LOAD /opt/st/stm32cubeide_1.14.0/plugins/com.st.stm32cube.ide.mcu.externaltools.gnu-tools-for-stm32.11.3.rel1.linux64_1.1.100.202309141235/tools/bin/../lib/gcc/arm-none-eabi/11.3.1/../../../../arm-none-eabi/lib/thumb/v6-m/nofp/crt0.o
LOAD ./Core/Src/main.o
LOAD ./Core/Src/stm32f0xx_hal_msp.o
LOAD ./Core/Src/stm32f0xx_it.o
LOAD ./Core/Src/syscalls.o
LOAD ./Core/Src/sysmem.o
LOAD ./Core/Src/system_stm32f0xx.o
LOAD ./Core/Startup/startup_stm32f042k6tx.o
LOAD ./Drivers/STM32F0xx_HAL_Driver/Src/stm32f0xx_hal.o
LOAD ./Drivers/STM32F0xx_HAL_Driver/Src/stm32f0xx_hal_cortex.o
LOAD ./Drivers/STM32F0xx_HAL_Driver/Src/stm32f0xx_hal_crc.o
LOAD ./Drivers/STM32F0xx_HAL_Driver/Src/stm32f0xx_hal_crc_ex.o
LOAD ./Drivers/STM32F0xx_HAL_Driver/Src/stm32f0xx_hal_dma.o
LOAD ./Drivers/STM32F0xx_HAL_Driver/Src/stm32f0xx_hal_exti.o
LOAD ./Drivers/STM32F0xx_HAL_Driver/Src/stm32f0xx_hal_flash.o
LOAD ./Drivers/STM32F0xx_HAL_Driver/Src/stm32f0xx_hal_flash_ex.o
LOAD ./Drivers/STM32F0xx_HAL_Driver/Src/stm32f0xx_hal_gpio.o
LOAD ./Drivers/STM32F0xx_HAL_Driver/Src/stm32f0xx_hal_i2c.o
LOAD ./Drivers/STM32F0xx_HAL_Driver/Src/stm32f0xx_hal_i2c_ex.o
LOAD ./Drivers/STM32F0xx_HAL_Driver/Src/stm32f0xx_hal_pwr.o
LOAD ./Drivers/STM32F0xx_HAL_Driver/Src/stm32f0xx_hal_pwr_ex.o
LOAD ./Drivers/STM32F0xx_HAL_Driver/Src/stm32f0xx_hal_rcc.o
LOAD ./Drivers/STM32F0xx_HAL_Driver/Src/stm32f0xx_hal_rcc_ex.o
LOAD ./Drivers/STM32F0xx_HAL_Driver/Src/stm32f0xx_hal_spi.o
LOAD ./Drivers/STM32F0xx_HAL_Driver/Src/stm32f0xx_hal_spi_ex.o
LOAD ./Drivers/STM32F0xx_HAL_Driver/Src/stm32f0xx_hal_tim.o
LOAD ./Drivers/STM32F0xx_HAL_Driver/Src/stm32f0xx_hal_tim_ex.o
START GROUP
LOAD /opt/st/stm32cubeide_1.14.0/plugins/com.st.stm32cube.ide.mcu.externaltools.gnu-tools-for-stm32.11.3.rel1.linux64_1.1.100.202309141235/tools/bin/../lib/gcc/arm-none-eabi/11.3.1/../../../../arm-none-eabi/lib/thumb/v6-m/nofp/libc_nano.a
LOAD /opt/st/stm32cubeide_1.14.0/plugins/com.st.stm32cube.ide.mcu.externaltools.gnu-tools-for-stm32.11.3.rel1.linux64_1.1.100.202309141235/tools/bin/../lib/gcc/arm-none-eabi/11.3.1/../../../../arm-none-eabi/lib/thumb/v6-m/nofp/libm.a
END GROUP
START GROUP
LOAD /opt/st/stm32cubeide_1.14.0/plugins/com.st.stm32cube.ide.mcu.externaltools.gnu-tools-for-stm32.11.3.rel1.linux64_1.1.100.202309141235/tools/bin/../lib/gcc/arm-none-eabi/11.3.1/thumb/v6-m/nofp/libgcc.a
LOAD /opt/st/stm32cubeide_1.14.0/plugins/com.st.stm32cube.ide.mcu.externaltools.gnu-tools-for-stm32.11.3.rel1.linux64_1.1.100.202309141235/tools/bin/../lib/gcc/arm-none-eabi/11.3.1/../../../../arm-none-eabi/lib/thumb/v6-m/nofp/libc_nano.a
END GROUP
START GROUP
LOAD /opt/st/stm32cubeide_1.14.0/plugins/com.st.stm32cube.ide.mcu.externaltools.gnu-tools-for-stm32.11.3.rel1.linux64_1.1.100.202309141235/tools/bin/../lib/gcc/arm-none-eabi/11.3.1/thumb/v6-m/nofp/libgcc.a
LOAD /opt/st/stm32cubeide_1.14.0/plugins/com.st.stm32cube.ide.mcu.externaltools.gnu-tools-for-stm32.11.3.rel1.linux64_1.1.100.202309141235/tools/bin/../lib/gcc/arm-none-eabi/11.3.1/../../../../arm-none-eabi/lib/thumb/v6-m/nofp/libc_nano.a
LOAD /opt/st/stm32cubeide_1.14.0/plugins/com.st.stm32cube.ide.mcu.externaltools.gnu-tools-for-stm32.11.3.rel1.linux64_1.1.100.202309141235/tools/bin/../lib/gcc/arm-none-eabi/11.3.1/../../../../arm-none-eabi/lib/thumb/v6-m/nofp/libnosys.a
END GROUP
START GROUP
LOAD /opt/st/stm32cubeide_1.14.0/plugins/com.st.stm32cube.ide.mcu.externaltools.gnu-tools-for-stm32.11.3.rel1.linux64_1.1.100.202309141235/tools/bin/../lib/gcc/arm-none-eabi/11.3.1/thumb/v6-m/nofp/libgcc.a
LOAD /opt/st/stm32cubeide_1.14.0/plugins/com.st.stm32cube.ide.mcu.externaltools.gnu-tools-for-stm32.11.3.rel1.linux64_1.1.100.202309141235/tools/bin/../lib/gcc/arm-none-eabi/11.3.1/../../../../arm-none-eabi/lib/thumb/v6-m/nofp/libc_nano.a
LOAD /opt/st/stm32cubeide_1.14.0/plugins/com.st.stm32cube.ide.mcu.externaltools.gnu-tools-for-stm32.11.3.rel1.linux64_1.1.100.202309141235/tools/bin/../lib/gcc/arm-none-eabi/11.3.1/../../../../arm-none-eabi/lib/thumb/v6-m/nofp/libnosys.a
END GROUP
LOAD /opt/st/stm32cubeide_1.14.0/plugins/com.st.stm32cube.ide.mcu.externaltools.gnu-tools-for-stm32.11.3.rel1.linux64_1.1.100.202309141235/tools/bin/../lib/gcc/arm-none-eabi/11.3.1/thumb/v6-m/nofp/crtend.o
LOAD /opt/st/stm32cubeide_1.14.0/plugins/com.st.stm32cube.ide.mcu.externaltools.gnu-tools-for-stm32.11.3.rel1.linux64_1.1.100.202309141235/tools/bin/../lib/gcc/arm-none-eabi/11.3.1/thumb/v6-m/nofp/crtn.o
                0x0000000020001800                _estack = (ORIGIN (RAM) + LENGTH (RAM))
                0x0000000000000200                _Min_Heap_Size = 0x200
                0x0000000000000400                _Min_Stack_Size = 0x400

.isr_vector     0x0000000008000000       0xc0
                0x0000000008000000                . = ALIGN (0x4)
 *(.isr_vector)
 .isr_vector    0x0000000008000000       0xc0 ./Core/Startup/startup_stm32f042k6tx.o
                0x0000000008000000                g_pfnVectors
                0x00000000080000c0                . = ALIGN (0x4)

.text           0x00000000080000c0     0x3900
                0x00000000080000c0                . = ALIGN (0x4)
 *(.text)
 .text          0x00000000080000c0       0x48 /opt/st/stm32cubeide_1.14.0/plugins/com.st.stm32cube.ide.mcu.externaltools.gnu-tools-for-stm32.11.3.rel1.linux64_1.1.100.202309141235/tools/bin/../lib/gcc/arm-none-eabi/11.3.1/thumb/v6-m/nofp/crtbegin.o
 .text          0x0000000008000108      0x114 /opt/st/stm32cubeide_1.14.0/plugins/com.st.stm32cube.ide.mcu.externaltools.gnu-tools-for-stm32.11.3.rel1.linux64_1.1.100.202309141235/tools/bin/../lib/gcc/arm-none-eabi/11.3.1/thumb/v6-m/nofp/libgcc.a(_udivsi3.o)
                0x0000000008000108                __udivsi3
                0x0000000008000108                __aeabi_uidiv
                0x0000000008000214                __aeabi_uidivmod
 .text          0x000000000800021c        0x4 /opt/st/stm32cubeide_1.14.0/plugins/com.st.stm32cube.ide.mcu.externaltools.gnu-tools-for-stm32.11.3.rel1.linux64_1.1.100.202309141235/tools/bin/../lib/gcc/arm-none-eabi/11.3.1/thumb/v6-m/nofp/libgcc.a(_dvmd_tls.o)
                0x000000000800021c                __aeabi_ldiv0
                0x000000000800021c                __aeabi_idiv0
 *(.text*)
 .text.main     0x0000000008000220       0x6c ./Core/Src/main.o
                0x0000000008000220                main
 .text.SystemClock_Config
                0x000000000800028c       0x80 ./Core/Src/main.o
                0x000000000800028c                SystemClock_Config
 .text.MX_CRC_Init
                0x000000000800030c       0x40 ./Core/Src/main.o
 .text.MX_SPI1_Init
                0x000000000800034c       0x74 ./Core/Src/main.o
 .text.MX_TIM1_Init
                0x00000000080003c0      0x1ac ./Core/Src/main.o
 .text.MX_TIM2_Init
                0x000000000800056c       0xfc ./Core/Src/main.o
 .text.MX_TIM3_Init
                0x0000000008000668      0x140 ./Core/Src/main.o
 .text.MX_GPIO_Init
                0x00000000080007a8       0xa0 ./Core/Src/main.o
 .text.EnablePWMOutput
                0x0000000008000848       0x38 ./Core/Src/main.o
                0x0000000008000848                EnablePWMOutput
 .text.CRC_compare
                0x0000000008000880       0x80 ./Core/Src/main.o
                0x0000000008000880                CRC_compare
 .text.HAL_SPI_TxRxCpltCallback
                0x0000000008000900      0x1bc ./Core/Src/main.o
                0x0000000008000900                HAL_SPI_TxRxCpltCallback
 .text.Error_Handler
                0x0000000008000abc        0xa ./Core/Src/main.o
                0x0000000008000abc                Error_Handler
 *fill*         0x0000000008000ac6        0x2 
 .text.HAL_MspInit
                0x0000000008000ac8       0x48 ./Core/Src/stm32f0xx_hal_msp.o
                0x0000000008000ac8                HAL_MspInit
 .text.HAL_CRC_MspInit
                0x0000000008000b10       0x3c ./Core/Src/stm32f0xx_hal_msp.o
                0x0000000008000b10                HAL_CRC_MspInit
 .text.HAL_SPI_MspInit
                0x0000000008000b4c       0xa8 ./Core/Src/stm32f0xx_hal_msp.o
                0x0000000008000b4c                HAL_SPI_MspInit
 .text.HAL_TIM_Base_MspInit
                0x0000000008000bf4       0x40 ./Core/Src/stm32f0xx_hal_msp.o
                0x0000000008000bf4                HAL_TIM_Base_MspInit
 .text.HAL_TIM_PWM_MspInit
                0x0000000008000c34       0x60 ./Core/Src/stm32f0xx_hal_msp.o
                0x0000000008000c34                HAL_TIM_PWM_MspInit
 .text.HAL_TIM_MspPostInit
                0x0000000008000c94      0x134 ./Core/Src/stm32f0xx_hal_msp.o
                0x0000000008000c94                HAL_TIM_MspPostInit
 .text.NMI_Handler
                0x0000000008000dc8        0xa ./Core/Src/stm32f0xx_it.o
                0x0000000008000dc8                NMI_Handler
 .text.HardFault_Handler
                0x0000000008000dd2        0x6 ./Core/Src/stm32f0xx_it.o
                0x0000000008000dd2                HardFault_Handler
 .text.SVC_Handler
                0x0000000008000dd8        0xa ./Core/Src/stm32f0xx_it.o
                0x0000000008000dd8                SVC_Handler
 .text.PendSV_Handler
                0x0000000008000de2        0xa ./Core/Src/stm32f0xx_it.o
                0x0000000008000de2                PendSV_Handler
 .text.SysTick_Handler
                0x0000000008000dec        0xe ./Core/Src/stm32f0xx_it.o
                0x0000000008000dec                SysTick_Handler
 *fill*         0x0000000008000dfa        0x2 
 .text.SPI1_IRQHandler
                0x0000000008000dfc       0x18 ./Core/Src/stm32f0xx_it.o
                0x0000000008000dfc                SPI1_IRQHandler
 .text.SystemInit
                0x0000000008000e14        0xa ./Core/Src/system_stm32f0xx.o
                0x0000000008000e14                SystemInit
 *fill*         0x0000000008000e1e        0x2 
 .text.Reset_Handler
                0x0000000008000e20       0x80 ./Core/Startup/startup_stm32f042k6tx.o
                0x0000000008000e20                Reset_Handler
 .text.Default_Handler
                0x0000000008000ea0        0x2 ./Core/Startup/startup_stm32f042k6tx.o
                0x0000000008000ea0                TIM1_CC_IRQHandler
                0x0000000008000ea0                TSC_IRQHandler
                0x0000000008000ea0                I2C1_IRQHandler
                0x0000000008000ea0                RCC_CRS_IRQHandler
                0x0000000008000ea0                EXTI2_3_IRQHandler
                0x0000000008000ea0                ADC1_IRQHandler
                0x0000000008000ea0                TIM17_IRQHandler
                0x0000000008000ea0                CEC_CAN_IRQHandler
                0x0000000008000ea0                RTC_IRQHandler
                0x0000000008000ea0                PVD_VDDIO2_IRQHandler
                0x0000000008000ea0                TIM16_IRQHandler
                0x0000000008000ea0                TIM3_IRQHandler
                0x0000000008000ea0                EXTI4_15_IRQHandler
                0x0000000008000ea0                DMA1_Channel1_IRQHandler
                0x0000000008000ea0                Default_Handler
                0x0000000008000ea0                TIM14_IRQHandler
                0x0000000008000ea0                DMA1_Channel4_5_IRQHandler
                0x0000000008000ea0                EXTI0_1_IRQHandler
                0x0000000008000ea0                USB_IRQHandler
                0x0000000008000ea0                SPI2_IRQHandler
                0x0000000008000ea0                WWDG_IRQHandler
                0x0000000008000ea0                TIM2_IRQHandler
                0x0000000008000ea0                DMA1_Channel2_3_IRQHandler
                0x0000000008000ea0                USART2_IRQHandler
                0x0000000008000ea0                FLASH_IRQHandler
                0x0000000008000ea0                USART1_IRQHandler
                0x0000000008000ea0                TIM1_BRK_UP_TRG_COM_IRQHandler
 *fill*         0x0000000008000ea2        0x2 
 .text.HAL_Init
                0x0000000008000ea4       0x28 ./Drivers/STM32F0xx_HAL_Driver/Src/stm32f0xx_hal.o
                0x0000000008000ea4                HAL_Init
 .text.HAL_InitTick
                0x0000000008000ecc       0x68 ./Drivers/STM32F0xx_HAL_Driver/Src/stm32f0xx_hal.o
                0x0000000008000ecc                HAL_InitTick
 .text.HAL_IncTick
                0x0000000008000f34       0x24 ./Drivers/STM32F0xx_HAL_Driver/Src/stm32f0xx_hal.o
                0x0000000008000f34                HAL_IncTick
 .text.HAL_GetTick
                0x0000000008000f58       0x14 ./Drivers/STM32F0xx_HAL_Driver/Src/stm32f0xx_hal.o
                0x0000000008000f58                HAL_GetTick
 .text.__NVIC_EnableIRQ
                0x0000000008000f6c       0x34 ./Drivers/STM32F0xx_HAL_Driver/Src/stm32f0xx_hal_cortex.o
 .text.__NVIC_SetPriority
                0x0000000008000fa0       0xdc ./Drivers/STM32F0xx_HAL_Driver/Src/stm32f0xx_hal_cortex.o
 .text.SysTick_Config
                0x000000000800107c       0x48 ./Drivers/STM32F0xx_HAL_Driver/Src/stm32f0xx_hal_cortex.o
 .text.HAL_NVIC_SetPriority
                0x00000000080010c4       0x2a ./Drivers/STM32F0xx_HAL_Driver/Src/stm32f0xx_hal_cortex.o
                0x00000000080010c4                HAL_NVIC_SetPriority
 .text.HAL_NVIC_EnableIRQ
                0x00000000080010ee       0x20 ./Drivers/STM32F0xx_HAL_Driver/Src/stm32f0xx_hal_cortex.o
                0x00000000080010ee                HAL_NVIC_EnableIRQ
 .text.HAL_SYSTICK_Config
                0x000000000800110e       0x1a ./Drivers/STM32F0xx_HAL_Driver/Src/stm32f0xx_hal_cortex.o
                0x000000000800110e                HAL_SYSTICK_Config
 .text.HAL_CRC_Init
                0x0000000008001128       0x8e ./Drivers/STM32F0xx_HAL_Driver/Src/stm32f0xx_hal_crc.o
                0x0000000008001128                HAL_CRC_Init
 .text.HAL_CRC_Calculate
                0x00000000080011b6       0x9e ./Drivers/STM32F0xx_HAL_Driver/Src/stm32f0xx_hal_crc.o
                0x00000000080011b6                HAL_CRC_Calculate
 .text.CRC_Handle_8
                0x0000000008001254      0x122 ./Drivers/STM32F0xx_HAL_Driver/Src/stm32f0xx_hal_crc.o
 .text.CRC_Handle_16
                0x0000000008001376       0x6e ./Drivers/STM32F0xx_HAL_Driver/Src/stm32f0xx_hal_crc.o
 .text.HAL_DMA_Abort_IT
                0x00000000080013e4       0x8a ./Drivers/STM32F0xx_HAL_Driver/Src/stm32f0xx_hal_dma.o
                0x00000000080013e4                HAL_DMA_Abort_IT
 *fill*         0x000000000800146e        0x2 
 .text.HAL_GPIO_Init
                0x0000000008001470      0x2d0 ./Drivers/STM32F0xx_HAL_Driver/Src/stm32f0xx_hal_gpio.o
                0x0000000008001470                HAL_GPIO_Init
 .text.HAL_GPIO_WritePin
                0x0000000008001740       0x3a ./Drivers/STM32F0xx_HAL_Driver/Src/stm32f0xx_hal_gpio.o
                0x0000000008001740                HAL_GPIO_WritePin
 *fill*         0x000000000800177a        0x2 
 .text.HAL_RCC_OscConfig
                0x000000000800177c      0x70c ./Drivers/STM32F0xx_HAL_Driver/Src/stm32f0xx_hal_rcc.o
                0x000000000800177c                HAL_RCC_OscConfig
 .text.HAL_RCC_ClockConfig
                0x0000000008001e88      0x1b4 ./Drivers/STM32F0xx_HAL_Driver/Src/stm32f0xx_hal_rcc.o
                0x0000000008001e88                HAL_RCC_ClockConfig
 .text.HAL_RCC_GetSysClockFreq
                0x000000000800203c       0xe4 ./Drivers/STM32F0xx_HAL_Driver/Src/stm32f0xx_hal_rcc.o
                0x000000000800203c                HAL_RCC_GetSysClockFreq
 .text.HAL_SPI_Init
                0x0000000008002120      0x170 ./Drivers/STM32F0xx_HAL_Driver/Src/stm32f0xx_hal_spi.o
                0x0000000008002120                HAL_SPI_Init
 .text.HAL_SPI_TransmitReceive_IT
                0x0000000008002290      0x194 ./Drivers/STM32F0xx_HAL_Driver/Src/stm32f0xx_hal_spi.o
                0x0000000008002290                HAL_SPI_TransmitReceive_IT
 .text.HAL_SPI_IRQHandler
                0x0000000008002424      0x1d4 ./Drivers/STM32F0xx_HAL_Driver/Src/stm32f0xx_hal_spi.o
                0x0000000008002424                HAL_SPI_IRQHandler
 .text.HAL_SPI_RxCpltCallback
                0x00000000080025f8       0x10 ./Drivers/STM32F0xx_HAL_Driver/Src/stm32f0xx_hal_spi.o
                0x00000000080025f8                HAL_SPI_RxCpltCallback
 .text.HAL_SPI_ErrorCallback
                0x0000000008002608       0x10 ./Drivers/STM32F0xx_HAL_Driver/Src/stm32f0xx_hal_spi.o
                0x0000000008002608                HAL_SPI_ErrorCallback
 .text.SPI_DMAAbortOnError
                0x0000000008002618       0x2c ./Drivers/STM32F0xx_HAL_Driver/Src/stm32f0xx_hal_spi.o
 .text.SPI_2linesRxISR_8BIT
                0x0000000008002644       0xc2 ./Drivers/STM32F0xx_HAL_Driver/Src/stm32f0xx_hal_spi.o
 .text.SPI_2linesTxISR_8BIT
                0x0000000008002706       0x94 ./Drivers/STM32F0xx_HAL_Driver/Src/stm32f0xx_hal_spi.o
 .text.SPI_2linesRxISR_16BIT
                0x000000000800279a       0x68 ./Drivers/STM32F0xx_HAL_Driver/Src/stm32f0xx_hal_spi.o
 .text.SPI_2linesTxISR_16BIT
                0x0000000008002802       0x62 ./Drivers/STM32F0xx_HAL_Driver/Src/stm32f0xx_hal_spi.o
 .text.SPI_WaitFlagStateUntilTimeout
                0x0000000008002864      0x11c ./Drivers/STM32F0xx_HAL_Driver/Src/stm32f0xx_hal_spi.o
 .text.SPI_WaitFifoStateUntilTimeout
                0x0000000008002980      0x144 ./Drivers/STM32F0xx_HAL_Driver/Src/stm32f0xx_hal_spi.o
 .text.SPI_EndRxTxTransaction
                0x0000000008002ac4       0x8c ./Drivers/STM32F0xx_HAL_Driver/Src/stm32f0xx_hal_spi.o
 .text.SPI_CloseRxTx_ISR
                0x0000000008002b50       0x8c ./Drivers/STM32F0xx_HAL_Driver/Src/stm32f0xx_hal_spi.o
 .text.HAL_TIM_Base_Init
                0x0000000008002bdc       0xa0 ./Drivers/STM32F0xx_HAL_Driver/Src/stm32f0xx_hal_tim.o
                0x0000000008002bdc                HAL_TIM_Base_Init
 .text.HAL_TIM_PWM_Init
                0x0000000008002c7c       0xa0 ./Drivers/STM32F0xx_HAL_Driver/Src/stm32f0xx_hal_tim.o
                0x0000000008002c7c                HAL_TIM_PWM_Init
 .text.HAL_TIM_PWM_Start
                0x0000000008002d1c      0x158 ./Drivers/STM32F0xx_HAL_Driver/Src/stm32f0xx_hal_tim.o
                0x0000000008002d1c                HAL_TIM_PWM_Start
 .text.HAL_TIM_PWM_ConfigChannel
                0x0000000008002e74      0x18c ./Drivers/STM32F0xx_HAL_Driver/Src/stm32f0xx_hal_tim.o
                0x0000000008002e74                HAL_TIM_PWM_ConfigChannel
 .text.HAL_TIM_ConfigClockSource
                0x0000000008003000      0x1a8 ./Drivers/STM32F0xx_HAL_Driver/Src/stm32f0xx_hal_tim.o
                0x0000000008003000                HAL_TIM_ConfigClockSource
 .text.TIM_Base_SetConfig
                0x00000000080031a8       0xec ./Drivers/STM32F0xx_HAL_Driver/Src/stm32f0xx_hal_tim.o
                0x00000000080031a8                TIM_Base_SetConfig
 .text.TIM_OC1_SetConfig
                0x0000000008003294       0xfc ./Drivers/STM32F0xx_HAL_Driver/Src/stm32f0xx_hal_tim.o
 .text.TIM_OC2_SetConfig
                0x0000000008003390       0xfc ./Drivers/STM32F0xx_HAL_Driver/Src/stm32f0xx_hal_tim.o
                0x0000000008003390                TIM_OC2_SetConfig
 .text.TIM_OC3_SetConfig
                0x000000000800348c      0x100 ./Drivers/STM32F0xx_HAL_Driver/Src/stm32f0xx_hal_tim.o
 .text.TIM_OC4_SetConfig
                0x000000000800358c       0xc8 ./Drivers/STM32F0xx_HAL_Driver/Src/stm32f0xx_hal_tim.o
 .text.TIM_TI1_ConfigInputStage
                0x0000000008003654       0x5c ./Drivers/STM32F0xx_HAL_Driver/Src/stm32f0xx_hal_tim.o
 .text.TIM_TI2_ConfigInputStage
                0x00000000080036b0       0x64 ./Drivers/STM32F0xx_HAL_Driver/Src/stm32f0xx_hal_tim.o
 .text.TIM_ITRx_SetConfig
                0x0000000008003714       0x32 ./Drivers/STM32F0xx_HAL_Driver/Src/stm32f0xx_hal_tim.o
 *fill*         0x0000000008003746        0x2 
 .text.TIM_ETR_SetConfig
                0x0000000008003748       0x40 ./Drivers/STM32F0xx_HAL_Driver/Src/stm32f0xx_hal_tim.o
                0x0000000008003748                TIM_ETR_SetConfig
 .text.TIM_CCxChannelCmd
                0x0000000008003788       0x46 ./Drivers/STM32F0xx_HAL_Driver/Src/stm32f0xx_hal_tim.o
                0x0000000008003788                TIM_CCxChannelCmd
 *fill*         0x00000000080037ce        0x2 
 .text.HAL_TIMEx_MasterConfigSynchronization
                0x00000000080037d0       0xb0 ./Drivers/STM32F0xx_HAL_Driver/Src/stm32f0xx_hal_tim_ex.o
                0x00000000080037d0                HAL_TIMEx_MasterConfigSynchronization
 .text.HAL_TIMEx_ConfigBreakDeadTime
                0x0000000008003880       0xbc ./Drivers/STM32F0xx_HAL_Driver/Src/stm32f0xx_hal_tim_ex.o
                0x0000000008003880                HAL_TIMEx_ConfigBreakDeadTime
 .text.memset   0x000000000800393c       0x10 /opt/st/stm32cubeide_1.14.0/plugins/com.st.stm32cube.ide.mcu.externaltools.gnu-tools-for-stm32.11.3.rel1.linux64_1.1.100.202309141235/tools/bin/../lib/gcc/arm-none-eabi/11.3.1/../../../../arm-none-eabi/lib/thumb/v6-m/nofp/libc_nano.a(libc_a-memset.o)
                0x000000000800393c                memset
 .text.__libc_init_array
                0x000000000800394c       0x48 /opt/st/stm32cubeide_1.14.0/plugins/com.st.stm32cube.ide.mcu.externaltools.gnu-tools-for-stm32.11.3.rel1.linux64_1.1.100.202309141235/tools/bin/../lib/gcc/arm-none-eabi/11.3.1/../../../../arm-none-eabi/lib/thumb/v6-m/nofp/libc_nano.a(libc_a-init.o)
                0x000000000800394c                __libc_init_array
 .text.memcpy   0x0000000008003994       0x12 /opt/st/stm32cubeide_1.14.0/plugins/com.st.stm32cube.ide.mcu.externaltools.gnu-tools-for-stm32.11.3.rel1.linux64_1.1.100.202309141235/tools/bin/../lib/gcc/arm-none-eabi/11.3.1/../../../../arm-none-eabi/lib/thumb/v6-m/nofp/libc_nano.a(libc_a-memcpy-stub.o)
                0x0000000008003994                memcpy
 *(.glue_7)
 .glue_7        0x00000000080039a6        0x0 linker stubs
 *(.glue_7t)
 .glue_7t       0x00000000080039a6        0x0 linker stubs
 *(.eh_frame)
 *fill*         0x00000000080039a6        0x2 
 .eh_frame      0x00000000080039a8        0x0 /opt/st/stm32cubeide_1.14.0/plugins/com.st.stm32cube.ide.mcu.externaltools.gnu-tools-for-stm32.11.3.rel1.linux64_1.1.100.202309141235/tools/bin/../lib/gcc/arm-none-eabi/11.3.1/thumb/v6-m/nofp/crtbegin.o
 *(.init)
 .init          0x00000000080039a8        0x4 /opt/st/stm32cubeide_1.14.0/plugins/com.st.stm32cube.ide.mcu.externaltools.gnu-tools-for-stm32.11.3.rel1.linux64_1.1.100.202309141235/tools/bin/../lib/gcc/arm-none-eabi/11.3.1/thumb/v6-m/nofp/crti.o
                0x00000000080039a8                _init
 .init          0x00000000080039ac        0x8 /opt/st/stm32cubeide_1.14.0/plugins/com.st.stm32cube.ide.mcu.externaltools.gnu-tools-for-stm32.11.3.rel1.linux64_1.1.100.202309141235/tools/bin/../lib/gcc/arm-none-eabi/11.3.1/thumb/v6-m/nofp/crtn.o
 *(.fini)
 .fini          0x00000000080039b4        0x4 /opt/st/stm32cubeide_1.14.0/plugins/com.st.stm32cube.ide.mcu.externaltools.gnu-tools-for-stm32.11.3.rel1.linux64_1.1.100.202309141235/tools/bin/../lib/gcc/arm-none-eabi/11.3.1/thumb/v6-m/nofp/crti.o
                0x00000000080039b4                _fini
 .fini          0x00000000080039b8        0x8 /opt/st/stm32cubeide_1.14.0/plugins/com.st.stm32cube.ide.mcu.externaltools.gnu-tools-for-stm32.11.3.rel1.linux64_1.1.100.202309141235/tools/bin/../lib/gcc/arm-none-eabi/11.3.1/thumb/v6-m/nofp/crtn.o
                0x00000000080039c0                . = ALIGN (0x4)
                0x00000000080039c0                _etext = .

.vfp11_veneer   0x00000000080039c0        0x0
 .vfp11_veneer  0x00000000080039c0        0x0 linker stubs

.v4_bx          0x00000000080039c0        0x0
 .v4_bx         0x00000000080039c0        0x0 linker stubs

.iplt           0x00000000080039c0        0x0
 .iplt          0x00000000080039c0        0x0 /opt/st/stm32cubeide_1.14.0/plugins/com.st.stm32cube.ide.mcu.externaltools.gnu-tools-for-stm32.11.3.rel1.linux64_1.1.100.202309141235/tools/bin/../lib/gcc/arm-none-eabi/11.3.1/thumb/v6-m/nofp/crtbegin.o

.rodata         0x00000000080039c0       0x30
                0x00000000080039c0                . = ALIGN (0x4)
 *(.rodata)
 *(.rodata*)
 .rodata.AHBPrescTable
                0x00000000080039c0       0x10 ./Core/Src/system_stm32f0xx.o
                0x00000000080039c0                AHBPrescTable
 .rodata.aPLLMULFactorTable.1
                0x00000000080039d0       0x10 ./Drivers/STM32F0xx_HAL_Driver/Src/stm32f0xx_hal_rcc.o
 .rodata.aPredivFactorTable.0
                0x00000000080039e0       0x10 ./Drivers/STM32F0xx_HAL_Driver/Src/stm32f0xx_hal_rcc.o
                0x00000000080039f0                . = ALIGN (0x4)

.rel.dyn        0x00000000080039f0        0x0
 .rel.iplt      0x00000000080039f0        0x0 /opt/st/stm32cubeide_1.14.0/plugins/com.st.stm32cube.ide.mcu.externaltools.gnu-tools-for-stm32.11.3.rel1.linux64_1.1.100.202309141235/tools/bin/../lib/gcc/arm-none-eabi/11.3.1/thumb/v6-m/nofp/crtbegin.o

.ARM.extab      0x00000000080039f0        0x0
                0x00000000080039f0                . = ALIGN (0x4)
 *(.ARM.extab* .gnu.linkonce.armextab.*)
                0x00000000080039f0                . = ALIGN (0x4)

.ARM            0x00000000080039f0        0x0
                0x00000000080039f0                . = ALIGN (0x4)
                0x00000000080039f0                __exidx_start = .
 *(.ARM.exidx*)
                0x00000000080039f0                __exidx_end = .
                0x00000000080039f0                . = ALIGN (0x4)

.preinit_array  0x00000000080039f0        0x0
                0x00000000080039f0                . = ALIGN (0x4)
                0x00000000080039f0                PROVIDE (__preinit_array_start = .)
 *(.preinit_array*)
                0x00000000080039f0                PROVIDE (__preinit_array_end = .)
                0x00000000080039f0                . = ALIGN (0x4)

.init_array     0x00000000080039f0        0x4
                0x00000000080039f0                . = ALIGN (0x4)
                0x00000000080039f0                PROVIDE (__init_array_start = .)
 *(SORT_BY_NAME(.init_array.*))
 *(.init_array*)
 .init_array    0x00000000080039f0        0x4 /opt/st/stm32cubeide_1.14.0/plugins/com.st.stm32cube.ide.mcu.externaltools.gnu-tools-for-stm32.11.3.rel1.linux64_1.1.100.202309141235/tools/bin/../lib/gcc/arm-none-eabi/11.3.1/thumb/v6-m/nofp/crtbegin.o
                0x00000000080039f4                PROVIDE (__init_array_end = .)
                0x00000000080039f4                . = ALIGN (0x4)

.fini_array     0x00000000080039f4        0x4
                0x00000000080039f4                . = ALIGN (0x4)
                [!provide]                        PROVIDE (__fini_array_start = .)
 *(SORT_BY_NAME(.fini_array.*))
 *(.fini_array*)
 .fini_array    0x00000000080039f4        0x4 /opt/st/stm32cubeide_1.14.0/plugins/com.st.stm32cube.ide.mcu.externaltools.gnu-tools-for-stm32.11.3.rel1.linux64_1.1.100.202309141235/tools/bin/../lib/gcc/arm-none-eabi/11.3.1/thumb/v6-m/nofp/crtbegin.o
                [!provide]                        PROVIDE (__fini_array_end = .)
                0x00000000080039f8                . = ALIGN (0x4)
                0x00000000080039f8                _sidata = LOADADDR (.data)

.data           0x0000000020000000       0x24 load address 0x00000000080039f8
                0x0000000020000000                . = ALIGN (0x4)
                0x0000000020000000                _sdata = .
 *(.data)
 *(.data*)
 .data.SPI_RX_Buffer
                0x0000000020000000        0xd ./Core/Src/main.o
                0x0000000020000000                SPI_RX_Buffer
 *fill*         0x000000002000000d        0x3 
 .data.DEBUG_LED_GPIO_Port
                0x0000000020000010        0x4 ./Core/Src/main.o
                0x0000000020000010                DEBUG_LED_GPIO_Port
 .data.DEBUG_LED_Pin
                0x0000000020000014        0x2 ./Core/Src/main.o
                0x0000000020000014                DEBUG_LED_Pin
 *fill*         0x0000000020000016        0x2 
 .data.SystemCoreClock
                0x0000000020000018        0x4 ./Core/Src/system_stm32f0xx.o
                0x0000000020000018                SystemCoreClock
 .data.uwTickPrio
                0x000000002000001c        0x4 ./Drivers/STM32F0xx_HAL_Driver/Src/stm32f0xx_hal.o
                0x000000002000001c                uwTickPrio
 .data.uwTickFreq
                0x0000000020000020        0x1 ./Drivers/STM32F0xx_HAL_Driver/Src/stm32f0xx_hal.o
                0x0000000020000020                uwTickFreq
 *(.RamFunc)
 *(.RamFunc*)
                0x0000000020000024                . = ALIGN (0x4)
 *fill*         0x0000000020000021        0x3 
                0x0000000020000024                _edata = .

.igot.plt       0x0000000020000024        0x0 load address 0x0000000008003a1c
 .igot.plt      0x0000000020000024        0x0 /opt/st/stm32cubeide_1.14.0/plugins/com.st.stm32cube.ide.mcu.externaltools.gnu-tools-for-stm32.11.3.rel1.linux64_1.1.100.202309141235/tools/bin/../lib/gcc/arm-none-eabi/11.3.1/thumb/v6-m/nofp/crtbegin.o
                0x0000000020000024                . = ALIGN (0x4)

.bss            0x0000000020000024      0x188 load address 0x0000000008003a1c
                0x0000000020000024                _sbss = .
                0x0000000020000024                __bss_start__ = _sbss
 *(.bss)
 .bss           0x0000000020000024       0x1c /opt/st/stm32cubeide_1.14.0/plugins/com.st.stm32cube.ide.mcu.externaltools.gnu-tools-for-stm32.11.3.rel1.linux64_1.1.100.202309141235/tools/bin/../lib/gcc/arm-none-eabi/11.3.1/thumb/v6-m/nofp/crtbegin.o
 *(.bss*)
 .bss.hcrc      0x0000000020000040       0x1c ./Core/Src/main.o
                0x0000000020000040                hcrc
 .bss.hspi1     0x000000002000005c       0x64 ./Core/Src/main.o
                0x000000002000005c                hspi1
 .bss.htim1     0x00000000200000c0       0x48 ./Core/Src/main.o
                0x00000000200000c0                htim1
 .bss.htim2     0x0000000020000108       0x48 ./Core/Src/main.o
                0x0000000020000108                htim2
 .bss.htim3     0x0000000020000150       0x48 ./Core/Src/main.o
                0x0000000020000150                htim3
 .bss.SPI_TX_Buffer
                0x0000000020000198        0xd ./Core/Src/main.o
                0x0000000020000198                SPI_TX_Buffer
 *fill*         0x00000000200001a5        0x3 
 .bss.uwTick    0x00000000200001a8        0x4 ./Drivers/STM32F0xx_HAL_Driver/Src/stm32f0xx_hal.o
                0x00000000200001a8                uwTick
 *(COMMON)
                0x00000000200001ac                . = ALIGN (0x4)
                0x00000000200001ac                _ebss = .
                0x00000000200001ac                __bss_end__ = _ebss

._user_heap_stack
                0x00000000200001ac      0x604 load address 0x0000000008003a1c
                0x00000000200001b0                . = ALIGN (0x8)
 *fill*         0x00000000200001ac        0x4 
                [!provide]                        PROVIDE (end = .)
                0x00000000200001b0                PROVIDE (_end = .)
                0x00000000200003b0                . = (. + _Min_Heap_Size)
 *fill*         0x00000000200001b0      0x200 
                0x00000000200007b0                . = (. + _Min_Stack_Size)
 *fill*         0x00000000200003b0      0x400 
                0x00000000200007b0                . = ALIGN (0x8)

/DISCARD/
 libc.a(*)
 libm.a(*)
 libgcc.a(*)

.ARM.attributes
                0x0000000000000000       0x28
 *(.ARM.attributes)
 .ARM.attributes
                0x0000000000000000       0x1e /opt/st/stm32cubeide_1.14.0/plugins/com.st.stm32cube.ide.mcu.externaltools.gnu-tools-for-stm32.11.3.rel1.linux64_1.1.100.202309141235/tools/bin/../lib/gcc/arm-none-eabi/11.3.1/thumb/v6-m/nofp/crti.o
 .ARM.attributes
                0x000000000000001e       0x2c /opt/st/stm32cubeide_1.14.0/plugins/com.st.stm32cube.ide.mcu.externaltools.gnu-tools-for-stm32.11.3.rel1.linux64_1.1.100.202309141235/tools/bin/../lib/gcc/arm-none-eabi/11.3.1/thumb/v6-m/nofp/crtbegin.o
 .ARM.attributes
                0x000000000000004a       0x2c ./Core/Src/main.o
 .ARM.attributes
                0x0000000000000076       0x2c ./Core/Src/stm32f0xx_hal_msp.o
 .ARM.attributes
                0x00000000000000a2       0x2c ./Core/Src/stm32f0xx_it.o
 .ARM.attributes
                0x00000000000000ce       0x2c ./Core/Src/system_stm32f0xx.o
 .ARM.attributes
                0x00000000000000fa       0x21 ./Core/Startup/startup_stm32f042k6tx.o
 .ARM.attributes
                0x000000000000011b       0x2c ./Drivers/STM32F0xx_HAL_Driver/Src/stm32f0xx_hal.o
 .ARM.attributes
                0x0000000000000147       0x2c ./Drivers/STM32F0xx_HAL_Driver/Src/stm32f0xx_hal_cortex.o
 .ARM.attributes
                0x0000000000000173       0x2c ./Drivers/STM32F0xx_HAL_Driver/Src/stm32f0xx_hal_crc.o
 .ARM.attributes
                0x000000000000019f       0x2c ./Drivers/STM32F0xx_HAL_Driver/Src/stm32f0xx_hal_dma.o
 .ARM.attributes
                0x00000000000001cb       0x2c ./Drivers/STM32F0xx_HAL_Driver/Src/stm32f0xx_hal_gpio.o
 .ARM.attributes
                0x00000000000001f7       0x2c ./Drivers/STM32F0xx_HAL_Driver/Src/stm32f0xx_hal_rcc.o
 .ARM.attributes
                0x0000000000000223       0x2c ./Drivers/STM32F0xx_HAL_Driver/Src/stm32f0xx_hal_spi.o
 .ARM.attributes
                0x000000000000024f       0x2c ./Drivers/STM32F0xx_HAL_Driver/Src/stm32f0xx_hal_tim.o
 .ARM.attributes
                0x000000000000027b       0x2c ./Drivers/STM32F0xx_HAL_Driver/Src/stm32f0xx_hal_tim_ex.o
 .ARM.attributes
                0x00000000000002a7       0x2c /opt/st/stm32cubeide_1.14.0/plugins/com.st.stm32cube.ide.mcu.externaltools.gnu-tools-for-stm32.11.3.rel1.linux64_1.1.100.202309141235/tools/bin/../lib/gcc/arm-none-eabi/11.3.1/../../../../arm-none-eabi/lib/thumb/v6-m/nofp/libc_nano.a(libc_a-memset.o)
 .ARM.attributes
                0x00000000000002d3       0x2c /opt/st/stm32cubeide_1.14.0/plugins/com.st.stm32cube.ide.mcu.externaltools.gnu-tools-for-stm32.11.3.rel1.linux64_1.1.100.202309141235/tools/bin/../lib/gcc/arm-none-eabi/11.3.1/../../../../arm-none-eabi/lib/thumb/v6-m/nofp/libc_nano.a(libc_a-init.o)
 .ARM.attributes
                0x00000000000002ff       0x2c /opt/st/stm32cubeide_1.14.0/plugins/com.st.stm32cube.ide.mcu.externaltools.gnu-tools-for-stm32.11.3.rel1.linux64_1.1.100.202309141235/tools/bin/../lib/gcc/arm-none-eabi/11.3.1/../../../../arm-none-eabi/lib/thumb/v6-m/nofp/libc_nano.a(libc_a-memcpy-stub.o)
 .ARM.attributes
                0x000000000000032b       0x1e /opt/st/stm32cubeide_1.14.0/plugins/com.st.stm32cube.ide.mcu.externaltools.gnu-tools-for-stm32.11.3.rel1.linux64_1.1.100.202309141235/tools/bin/../lib/gcc/arm-none-eabi/11.3.1/thumb/v6-m/nofp/libgcc.a(_udivsi3.o)
 .ARM.attributes
                0x0000000000000349       0x1e /opt/st/stm32cubeide_1.14.0/plugins/com.st.stm32cube.ide.mcu.externaltools.gnu-tools-for-stm32.11.3.rel1.linux64_1.1.100.202309141235/tools/bin/../lib/gcc/arm-none-eabi/11.3.1/thumb/v6-m/nofp/libgcc.a(_dvmd_tls.o)
 .ARM.attributes
                0x0000000000000367       0x1e /opt/st/stm32cubeide_1.14.0/plugins/com.st.stm32cube.ide.mcu.externaltools.gnu-tools-for-stm32.11.3.rel1.linux64_1.1.100.202309141235/tools/bin/../lib/gcc/arm-none-eabi/11.3.1/thumb/v6-m/nofp/crtn.o
OUTPUT(jank_heaven.elf elf32-littlearm)
LOAD linker stubs
LOAD /opt/st/stm32cubeide_1.14.0/plugins/com.st.stm32cube.ide.mcu.externaltools.gnu-tools-for-stm32.11.3.rel1.linux64_1.1.100.202309141235/tools/bin/../lib/gcc/arm-none-eabi/11.3.1/../../../../arm-none-eabi/lib/thumb/v6-m/nofp/libc.a
LOAD /opt/st/stm32cubeide_1.14.0/plugins/com.st.stm32cube.ide.mcu.externaltools.gnu-tools-for-stm32.11.3.rel1.linux64_1.1.100.202309141235/tools/bin/../lib/gcc/arm-none-eabi/11.3.1/../../../../arm-none-eabi/lib/thumb/v6-m/nofp/libm.a
LOAD /opt/st/stm32cubeide_1.14.0/plugins/com.st.stm32cube.ide.mcu.externaltools.gnu-tools-for-stm32.11.3.rel1.linux64_1.1.100.202309141235/tools/bin/../lib/gcc/arm-none-eabi/11.3.1/thumb/v6-m/nofp/libgcc.a

.comment        0x0000000000000000       0x43
 .comment       0x0000000000000000       0x43 /opt/st/stm32cubeide_1.14.0/plugins/com.st.stm32cube.ide.mcu.externaltools.gnu-tools-for-stm32.11.3.rel1.linux64_1.1.100.202309141235/tools/bin/../lib/gcc/arm-none-eabi/11.3.1/thumb/v6-m/nofp/crtbegin.o
                                         0x44 (size before relaxing)
 .comment       0x0000000000000043       0x44 ./Core/Src/main.o
 .comment       0x0000000000000043       0x44 ./Core/Src/stm32f0xx_hal_msp.o
 .comment       0x0000000000000043       0x44 ./Core/Src/stm32f0xx_it.o
 .comment       0x0000000000000043       0x44 ./Core/Src/system_stm32f0xx.o
 .comment       0x0000000000000043       0x44 ./Drivers/STM32F0xx_HAL_Driver/Src/stm32f0xx_hal.o
 .comment       0x0000000000000043       0x44 ./Drivers/STM32F0xx_HAL_Driver/Src/stm32f0xx_hal_cortex.o
 .comment       0x0000000000000043       0x44 ./Drivers/STM32F0xx_HAL_Driver/Src/stm32f0xx_hal_crc.o
 .comment       0x0000000000000043       0x44 ./Drivers/STM32F0xx_HAL_Driver/Src/stm32f0xx_hal_dma.o
 .comment       0x0000000000000043       0x44 ./Drivers/STM32F0xx_HAL_Driver/Src/stm32f0xx_hal_gpio.o
 .comment       0x0000000000000043       0x44 ./Drivers/STM32F0xx_HAL_Driver/Src/stm32f0xx_hal_rcc.o
 .comment       0x0000000000000043       0x44 ./Drivers/STM32F0xx_HAL_Driver/Src/stm32f0xx_hal_spi.o
 .comment       0x0000000000000043       0x44 ./Drivers/STM32F0xx_HAL_Driver/Src/stm32f0xx_hal_tim.o
 .comment       0x0000000000000043       0x44 ./Drivers/STM32F0xx_HAL_Driver/Src/stm32f0xx_hal_tim_ex.o

.debug_info     0x0000000000000000     0xa825
 .debug_info    0x0000000000000000     0x1529 ./Core/Src/main.o
 .debug_info    0x0000000000001529      0xfc0 ./Core/Src/stm32f0xx_hal_msp.o
 .debug_info    0x00000000000024e9      0x5fc ./Core/Src/stm32f0xx_it.o
 .debug_info    0x0000000000002ae5      0x242 ./Core/Src/system_stm32f0xx.o
 .debug_info    0x0000000000002d27       0x23 ./Core/Startup/startup_stm32f042k6tx.o
 .debug_info    0x0000000000002d4a      0x69d ./Drivers/STM32F0xx_HAL_Driver/Src/stm32f0xx_hal.o
 .debug_info    0x00000000000033e7      0x6a7 ./Drivers/STM32F0xx_HAL_Driver/Src/stm32f0xx_hal_cortex.o
 .debug_info    0x0000000000003a8e      0x4ec ./Drivers/STM32F0xx_HAL_Driver/Src/stm32f0xx_hal_crc.o
 .debug_info    0x0000000000003f7a      0x6ea ./Drivers/STM32F0xx_HAL_Driver/Src/stm32f0xx_hal_dma.o
 .debug_info    0x0000000000004664      0x5a6 ./Drivers/STM32F0xx_HAL_Driver/Src/stm32f0xx_hal_gpio.o
 .debug_info    0x0000000000004c0a      0x83f ./Drivers/STM32F0xx_HAL_Driver/Src/stm32f0xx_hal_rcc.o
 .debug_info    0x0000000000005449     0x1618 ./Drivers/STM32F0xx_HAL_Driver/Src/stm32f0xx_hal_spi.o
 .debug_info    0x0000000000006a61     0x2932 ./Drivers/STM32F0xx_HAL_Driver/Src/stm32f0xx_hal_tim.o
 .debug_info    0x0000000000009393     0x1492 ./Drivers/STM32F0xx_HAL_Driver/Src/stm32f0xx_hal_tim_ex.o

.debug_abbrev   0x0000000000000000     0x1cb1
 .debug_abbrev  0x0000000000000000      0x36c ./Core/Src/main.o
 .debug_abbrev  0x000000000000036c      0x250 ./Core/Src/stm32f0xx_hal_msp.o
 .debug_abbrev  0x00000000000005bc      0x17f ./Core/Src/stm32f0xx_it.o
 .debug_abbrev  0x000000000000073b      0x11c ./Core/Src/system_stm32f0xx.o
 .debug_abbrev  0x0000000000000857       0x12 ./Core/Startup/startup_stm32f042k6tx.o
 .debug_abbrev  0x0000000000000869      0x247 ./Drivers/STM32F0xx_HAL_Driver/Src/stm32f0xx_hal.o
 .debug_abbrev  0x0000000000000ab0      0x28c ./Drivers/STM32F0xx_HAL_Driver/Src/stm32f0xx_hal_cortex.o
 .debug_abbrev  0x0000000000000d3c      0x196 ./Drivers/STM32F0xx_HAL_Driver/Src/stm32f0xx_hal_crc.o
 .debug_abbrev  0x0000000000000ed2      0x224 ./Drivers/STM32F0xx_HAL_Driver/Src/stm32f0xx_hal_dma.o
 .debug_abbrev  0x00000000000010f6      0x1cb ./Drivers/STM32F0xx_HAL_Driver/Src/stm32f0xx_hal_gpio.o
 .debug_abbrev  0x00000000000012c1      0x28c ./Drivers/STM32F0xx_HAL_Driver/Src/stm32f0xx_hal_rcc.o
 .debug_abbrev  0x000000000000154d      0x269 ./Drivers/STM32F0xx_HAL_Driver/Src/stm32f0xx_hal_spi.o
 .debug_abbrev  0x00000000000017b6      0x278 ./Drivers/STM32F0xx_HAL_Driver/Src/stm32f0xx_hal_tim.o
 .debug_abbrev  0x0000000000001a2e      0x283 ./Drivers/STM32F0xx_HAL_Driver/Src/stm32f0xx_hal_tim_ex.o

.debug_aranges  0x0000000000000000      0xbd8
 .debug_aranges
                0x0000000000000000       0x78 ./Core/Src/main.o
 .debug_aranges
                0x0000000000000078       0x68 ./Core/Src/stm32f0xx_hal_msp.o
 .debug_aranges
                0x00000000000000e0       0x48 ./Core/Src/stm32f0xx_it.o
 .debug_aranges
                0x0000000000000128       0x28 ./Core/Src/system_stm32f0xx.o
 .debug_aranges
                0x0000000000000150       0x28 ./Core/Startup/startup_stm32f042k6tx.o
 .debug_aranges
                0x0000000000000178       0xd0 ./Drivers/STM32F0xx_HAL_Driver/Src/stm32f0xx_hal.o
 .debug_aranges
                0x0000000000000248       0xc0 ./Drivers/STM32F0xx_HAL_Driver/Src/stm32f0xx_hal_cortex.o
 .debug_aranges
                0x0000000000000308       0x60 ./Drivers/STM32F0xx_HAL_Driver/Src/stm32f0xx_hal_crc.o
 .debug_aranges
                0x0000000000000368       0x88 ./Drivers/STM32F0xx_HAL_Driver/Src/stm32f0xx_hal_dma.o
 .debug_aranges
                0x00000000000003f0       0x58 ./Drivers/STM32F0xx_HAL_Driver/Src/stm32f0xx_hal_gpio.o
 .debug_aranges
                0x0000000000000448       0x80 ./Drivers/STM32F0xx_HAL_Driver/Src/stm32f0xx_hal_rcc.o
 .debug_aranges
                0x00000000000004c8      0x1d8 ./Drivers/STM32F0xx_HAL_Driver/Src/stm32f0xx_hal_spi.o
 .debug_aranges
                0x00000000000006a0      0x3d0 ./Drivers/STM32F0xx_HAL_Driver/Src/stm32f0xx_hal_tim.o
 .debug_aranges
                0x0000000000000a70      0x168 ./Drivers/STM32F0xx_HAL_Driver/Src/stm32f0xx_hal_tim_ex.o

.debug_rnglists
                0x0000000000000000      0x93c
 .debug_rnglists
                0x0000000000000000       0x5c ./Core/Src/main.o
 .debug_rnglists
                0x000000000000005c       0x4b ./Core/Src/stm32f0xx_hal_msp.o
 .debug_rnglists
                0x00000000000000a7       0x31 ./Core/Src/stm32f0xx_it.o
 .debug_rnglists
                0x00000000000000d8       0x1a ./Core/Src/system_stm32f0xx.o
 .debug_rnglists
                0x00000000000000f2       0x1a ./Core/Startup/startup_stm32f042k6tx.o
 .debug_rnglists
                0x000000000000010c       0x97 ./Drivers/STM32F0xx_HAL_Driver/Src/stm32f0xx_hal.o
 .debug_rnglists
                0x00000000000001a3       0x8c ./Drivers/STM32F0xx_HAL_Driver/Src/stm32f0xx_hal_cortex.o
 .debug_rnglists
                0x000000000000022f       0x47 ./Drivers/STM32F0xx_HAL_Driver/Src/stm32f0xx_hal_crc.o
 .debug_rnglists
                0x0000000000000276       0x6a ./Drivers/STM32F0xx_HAL_Driver/Src/stm32f0xx_hal_dma.o
 .debug_rnglists
                0x00000000000002e0       0x3f ./Drivers/STM32F0xx_HAL_Driver/Src/stm32f0xx_hal_gpio.o
 .debug_rnglists
                0x000000000000031f       0x61 ./Drivers/STM32F0xx_HAL_Driver/Src/stm32f0xx_hal_rcc.o
 .debug_rnglists
                0x0000000000000380      0x17a ./Drivers/STM32F0xx_HAL_Driver/Src/stm32f0xx_hal_spi.o
 .debug_rnglists
                0x00000000000004fa      0x31c ./Drivers/STM32F0xx_HAL_Driver/Src/stm32f0xx_hal_tim.o
 .debug_rnglists
                0x0000000000000816      0x126 ./Drivers/STM32F0xx_HAL_Driver/Src/stm32f0xx_hal_tim_ex.o

.debug_macro    0x0000000000000000    0x17ff2
 .debug_macro   0x0000000000000000      0x1f3 ./Core/Src/main.o
 .debug_macro   0x00000000000001f3      0xa7e ./Core/Src/main.o
 .debug_macro   0x0000000000000c71      0x139 ./Core/Src/main.o
 .debug_macro   0x0000000000000daa       0x2e ./Core/Src/main.o
 .debug_macro   0x0000000000000dd8       0x22 ./Core/Src/main.o
 .debug_macro   0x0000000000000dfa       0x22 ./Core/Src/main.o
 .debug_macro   0x0000000000000e1c       0x8e ./Core/Src/main.o
 .debug_macro   0x0000000000000eaa       0x51 ./Core/Src/main.o
 .debug_macro   0x0000000000000efb      0x103 ./Core/Src/main.o
 .debug_macro   0x0000000000000ffe       0x6a ./Core/Src/main.o
 .debug_macro   0x0000000000001068      0x1df ./Core/Src/main.o
 .debug_macro   0x0000000000001247       0x1c ./Core/Src/main.o
 .debug_macro   0x0000000000001263       0x22 ./Core/Src/main.o
 .debug_macro   0x0000000000001285       0xaf ./Core/Src/main.o
 .debug_macro   0x0000000000001334      0x391 ./Core/Src/main.o
 .debug_macro   0x00000000000016c5     0xf209 ./Core/Src/main.o
 .debug_macro   0x00000000000108ce       0x66 ./Core/Src/main.o
 .debug_macro   0x0000000000010934     0x34be ./Core/Src/main.o
 .debug_macro   0x0000000000013df2      0x174 ./Core/Src/main.o
 .debug_macro   0x0000000000013f66       0x55 ./Core/Src/main.o
 .debug_macro   0x0000000000013fbb      0x946 ./Core/Src/main.o
 .debug_macro   0x0000000000014901      0x46b ./Core/Src/main.o
 .debug_macro   0x0000000000014d6c      0x1ae ./Core/Src/main.o
 .debug_macro   0x0000000000014f1a      0x130 ./Core/Src/main.o
 .debug_macro   0x000000000001504a      0x199 ./Core/Src/main.o
 .debug_macro   0x00000000000151e3      0x1ed ./Core/Src/main.o
 .debug_macro   0x00000000000153d0       0x34 ./Core/Src/main.o
 .debug_macro   0x0000000000015404       0x43 ./Core/Src/main.o
 .debug_macro   0x0000000000015447       0x28 ./Core/Src/main.o
 .debug_macro   0x000000000001546f       0x6c ./Core/Src/main.o
 .debug_macro   0x00000000000154db       0x4c ./Core/Src/main.o
 .debug_macro   0x0000000000015527       0xb0 ./Core/Src/main.o
 .debug_macro   0x00000000000155d7      0x182 ./Core/Src/main.o
 .debug_macro   0x0000000000015759      0x22c ./Core/Src/main.o
 .debug_macro   0x0000000000015985       0x61 ./Core/Src/main.o
 .debug_macro   0x00000000000159e6       0xa5 ./Core/Src/main.o
 .debug_macro   0x0000000000015a8b       0x4c ./Core/Src/main.o
 .debug_macro   0x0000000000015ad7      0x15b ./Core/Src/main.o
 .debug_macro   0x0000000000015c32      0x2fe ./Core/Src/main.o
 .debug_macro   0x0000000000015f30      0x8f4 ./Core/Src/main.o
 .debug_macro   0x0000000000016824       0x28 ./Core/Src/main.o
 .debug_macro   0x000000000001684c      0x12e ./Core/Src/main.o
 .debug_macro   0x000000000001697a      0x1e1 ./Core/Src/stm32f0xx_hal_msp.o
 .debug_macro   0x0000000000016b5b      0x1eb ./Core/Src/stm32f0xx_it.o
 .debug_macro   0x0000000000016d46      0x1d7 ./Core/Src/system_stm32f0xx.o
 .debug_macro   0x0000000000016f1d      0x1fb ./Drivers/STM32F0xx_HAL_Driver/Src/stm32f0xx_hal.o
 .debug_macro   0x0000000000017118      0x1d7 ./Drivers/STM32F0xx_HAL_Driver/Src/stm32f0xx_hal_cortex.o
 .debug_macro   0x00000000000172ef      0x1d7 ./Drivers/STM32F0xx_HAL_Driver/Src/stm32f0xx_hal_crc.o
 .debug_macro   0x00000000000174c6      0x1d7 ./Drivers/STM32F0xx_HAL_Driver/Src/stm32f0xx_hal_dma.o
 .debug_macro   0x000000000001769d      0x1de ./Drivers/STM32F0xx_HAL_Driver/Src/stm32f0xx_hal_gpio.o
 .debug_macro   0x000000000001787b      0x1e9 ./Drivers/STM32F0xx_HAL_Driver/Src/stm32f0xx_hal_rcc.o
 .debug_macro   0x0000000000017a64      0x1df ./Drivers/STM32F0xx_HAL_Driver/Src/stm32f0xx_hal_spi.o
 .debug_macro   0x0000000000017c43      0x1d8 ./Drivers/STM32F0xx_HAL_Driver/Src/stm32f0xx_hal_tim.o
 .debug_macro   0x0000000000017e1b      0x1d7 ./Drivers/STM32F0xx_HAL_Driver/Src/stm32f0xx_hal_tim_ex.o

.debug_line     0x0000000000000000     0xd2ef
 .debug_line    0x0000000000000000      0xb33 ./Core/Src/main.o
 .debug_line    0x0000000000000b33      0x866 ./Core/Src/stm32f0xx_hal_msp.o
 .debug_line    0x0000000000001399      0x755 ./Core/Src/stm32f0xx_it.o
 .debug_line    0x0000000000001aee      0x766 ./Core/Src/system_stm32f0xx.o
 .debug_line    0x0000000000002254       0x8d ./Core/Startup/startup_stm32f042k6tx.o
 .debug_line    0x00000000000022e1      0x959 ./Drivers/STM32F0xx_HAL_Driver/Src/stm32f0xx_hal.o
 .debug_line    0x0000000000002c3a      0xa05 ./Drivers/STM32F0xx_HAL_Driver/Src/stm32f0xx_hal_cortex.o
 .debug_line    0x000000000000363f      0xa0e ./Drivers/STM32F0xx_HAL_Driver/Src/stm32f0xx_hal_crc.o
 .debug_line    0x000000000000404d      0xc7d ./Drivers/STM32F0xx_HAL_Driver/Src/stm32f0xx_hal_dma.o
 .debug_line    0x0000000000004cca      0xac1 ./Drivers/STM32F0xx_HAL_Driver/Src/stm32f0xx_hal_gpio.o
 .debug_line    0x000000000000578b      0xde1 ./Drivers/STM32F0xx_HAL_Driver/Src/stm32f0xx_hal_rcc.o
 .debug_line    0x000000000000656c     0x1e63 ./Drivers/STM32F0xx_HAL_Driver/Src/stm32f0xx_hal_spi.o
 .debug_line    0x00000000000083cf     0x364b ./Drivers/STM32F0xx_HAL_Driver/Src/stm32f0xx_hal_tim.o
 .debug_line    0x000000000000ba1a     0x18d5 ./Drivers/STM32F0xx_HAL_Driver/Src/stm32f0xx_hal_tim_ex.o

.debug_str      0x0000000000000000    0x8c031
 .debug_str     0x0000000000000000    0x89b24 ./Core/Src/main.o
                                      0x89e78 (size before relaxing)
 .debug_str     0x0000000000089b24      0x261 ./Core/Src/stm32f0xx_hal_msp.o
                                      0x89ac1 (size before relaxing)
 .debug_str     0x0000000000089d85       0xa5 ./Core/Src/stm32f0xx_it.o
                                      0x89399 (size before relaxing)
 .debug_str     0x0000000000089e2a       0x8b ./Core/Src/system_stm32f0xx.o
                                      0x88fe0 (size before relaxing)
 .debug_str     0x0000000000089eb5       0x34 ./Core/Startup/startup_stm32f042k6tx.o
                                         0x6f (size before relaxing)
 .debug_str     0x0000000000089ee9      0x37a ./Drivers/STM32F0xx_HAL_Driver/Src/stm32f0xx_hal.o
                                      0x89592 (size before relaxing)
 .debug_str     0x000000000008a263      0x183 ./Drivers/STM32F0xx_HAL_Driver/Src/stm32f0xx_hal_cortex.o
                                      0x89383 (size before relaxing)
 .debug_str     0x000000000008a3e6       0xa6 ./Drivers/STM32F0xx_HAL_Driver/Src/stm32f0xx_hal_crc.o
                                      0x891b7 (size before relaxing)
 .debug_str     0x000000000008a48c      0x248 ./Drivers/STM32F0xx_HAL_Driver/Src/stm32f0xx_hal_dma.o
                                      0x89386 (size before relaxing)
 .debug_str     0x000000000008a6d4      0x113 ./Drivers/STM32F0xx_HAL_Driver/Src/stm32f0xx_hal_gpio.o
                                      0x89181 (size before relaxing)
 .debug_str     0x000000000008a7e7      0x21a ./Drivers/STM32F0xx_HAL_Driver/Src/stm32f0xx_hal_rcc.o
                                      0x89427 (size before relaxing)
 .debug_str     0x000000000008aa01      0x52d ./Drivers/STM32F0xx_HAL_Driver/Src/stm32f0xx_hal_spi.o
                                      0x89950 (size before relaxing)
 .debug_str     0x000000000008af2e      0xd22 ./Drivers/STM32F0xx_HAL_Driver/Src/stm32f0xx_hal_tim.o
                                      0x8a3e6 (size before relaxing)
 .debug_str     0x000000000008bc50      0x3e1 ./Drivers/STM32F0xx_HAL_Driver/Src/stm32f0xx_hal_tim_ex.o
                                      0x89c02 (size before relaxing)

.debug_frame    0x0000000000000000     0x2ac8
 .debug_frame   0x0000000000000000      0x184 ./Core/Src/main.o
 .debug_frame   0x0000000000000184      0x150 ./Core/Src/stm32f0xx_hal_msp.o
 .debug_frame   0x00000000000002d4       0xb8 ./Core/Src/stm32f0xx_it.o
 .debug_frame   0x000000000000038c       0x4c ./Core/Src/system_stm32f0xx.o
 .debug_frame   0x00000000000003d8      0x2a4 ./Drivers/STM32F0xx_HAL_Driver/Src/stm32f0xx_hal.o
 .debug_frame   0x000000000000067c      0x2a0 ./Drivers/STM32F0xx_HAL_Driver/Src/stm32f0xx_hal_cortex.o
 .debug_frame   0x000000000000091c      0x130 ./Drivers/STM32F0xx_HAL_Driver/Src/stm32f0xx_hal_crc.o
 .debug_frame   0x0000000000000a4c      0x1d0 ./Drivers/STM32F0xx_HAL_Driver/Src/stm32f0xx_hal_dma.o
 .debug_frame   0x0000000000000c1c      0x110 ./Drivers/STM32F0xx_HAL_Driver/Src/stm32f0xx_hal_gpio.o
 .debug_frame   0x0000000000000d2c      0x198 ./Drivers/STM32F0xx_HAL_Driver/Src/stm32f0xx_hal_rcc.o
 .debug_frame   0x0000000000000ec4      0x710 ./Drivers/STM32F0xx_HAL_Driver/Src/stm32f0xx_hal_spi.o
 .debug_frame   0x00000000000015d4      0xf00 ./Drivers/STM32F0xx_HAL_Driver/Src/stm32f0xx_hal_tim.o
 .debug_frame   0x00000000000024d4      0x560 ./Drivers/STM32F0xx_HAL_Driver/Src/stm32f0xx_hal_tim_ex.o
 .debug_frame   0x0000000000002a34       0x20 /opt/st/stm32cubeide_1.14.0/plugins/com.st.stm32cube.ide.mcu.externaltools.gnu-tools-for-stm32.11.3.rel1.linux64_1.1.100.202309141235/tools/bin/../lib/gcc/arm-none-eabi/11.3.1/../../../../arm-none-eabi/lib/thumb/v6-m/nofp/libc_nano.a(libc_a-memset.o)
 .debug_frame   0x0000000000002a54       0x2c /opt/st/stm32cubeide_1.14.0/plugins/com.st.stm32cube.ide.mcu.externaltools.gnu-tools-for-stm32.11.3.rel1.linux64_1.1.100.202309141235/tools/bin/../lib/gcc/arm-none-eabi/11.3.1/../../../../arm-none-eabi/lib/thumb/v6-m/nofp/libc_nano.a(libc_a-init.o)
 .debug_frame   0x0000000000002a80       0x28 /opt/st/stm32cubeide_1.14.0/plugins/com.st.stm32cube.ide.mcu.externaltools.gnu-tools-for-stm32.11.3.rel1.linux64_1.1.100.202309141235/tools/bin/../lib/gcc/arm-none-eabi/11.3.1/../../../../arm-none-eabi/lib/thumb/v6-m/nofp/libc_nano.a(libc_a-memcpy-stub.o)
 .debug_frame   0x0000000000002aa8       0x20 /opt/st/stm32cubeide_1.14.0/plugins/com.st.stm32cube.ide.mcu.externaltools.gnu-tools-for-stm32.11.3.rel1.linux64_1.1.100.202309141235/tools/bin/../lib/gcc/arm-none-eabi/11.3.1/thumb/v6-m/nofp/libgcc.a(_udivsi3.o)

.debug_line_str
                0x0000000000000000       0x63
 .debug_line_str
                0x0000000000000000       0x63 ./Core/Startup/startup_stm32f042k6tx.o
                                         0x7b (size before relaxing)
