../Core/Src/main.c:91:5:main	8	static,ignoring_inline_asm
../Core/Src/main.c:144:6:SystemClock_Config	88	static
../Core/Src/main.c:180:13:MX_CRC_Init	8	static
../Core/Src/main.c:210:13:MX_SPI1_Init	8	static
../Core/Src/main.c:249:13:MX_TIM1_Init	96	static
../Core/Src/main.c:336:13:MX_TIM2_Init	48	static
../Core/Src/main.c:397:13:MX_TIM3_Init	64	static
../Core/Src/main.c:468:13:MX_GPIO_Init	48	static
../Core/Src/main.c:494:6:EnablePWMOutput	16	static
../Core/Src/main.c:539:9:CRC_compare	96	static
../Core/Src/main.c:565:6:HAL_SPI_TxRxCpltCallback	56	static
../Core/Src/main.c:630:6:Error_Handler	8	static
